stm32h7xx_hal_nor.c:299:13:HAL_NOR_MspInit	0	static
stm32h7xx_hal_nor.c:202:19:HAL_NOR_Init	16	static
stm32h7xx_hal_nor.c:315:13:HAL_NOR_MspDeInit	0	static
stm32h7xx_hal_nor.c:266:19:HAL_NOR_DeInit	8	static
stm32h7xx_hal_nor.c:332:13:HAL_NOR_MspWait	0	static
stm32h7xx_hal_nor.c:368:19:HAL_NOR_Read_ID	8	static,ignoring_inline_asm
stm32h7xx_hal_nor.c:436:19:HAL_NOR_ReturnToReadMode	0	static,ignoring_inline_asm
stm32h7xx_hal_nor.c:497:19:HAL_NOR_Read	12	static,ignoring_inline_asm
stm32h7xx_hal_nor.c:564:19:HAL_NOR_Program	8	static,ignoring_inline_asm
stm32h7xx_hal_nor.c:630:19:HAL_NOR_ReadBuffer	16	static,ignoring_inline_asm
stm32h7xx_hal_nor.c:705:19:HAL_NOR_ProgramBuffer	16	static,ignoring_inline_asm
stm32h7xx_hal_nor.c:793:19:HAL_NOR_Erase_Block	8	static,ignoring_inline_asm
stm32h7xx_hal_nor.c:858:19:HAL_NOR_Erase_Chip	0	static,ignoring_inline_asm
stm32h7xx_hal_nor.c:923:19:HAL_NOR_Read_CFI	8	static,ignoring_inline_asm
stm32h7xx_hal_nor.c:1108:19:HAL_NOR_WriteOperation_Enable	16	static
stm32h7xx_hal_nor.c:1142:19:HAL_NOR_WriteOperation_Disable	8	static
stm32h7xx_hal_nor.c:1195:22:HAL_NOR_GetState	0	static
stm32h7xx_hal_nor.c:1209:23:HAL_NOR_GetStatus	24	static
