stm32h7xx_hal_eth.c:2393:13:ETH_SetMACConfig	8	static
stm32h7xx_hal_eth.c:2470:13:ETH_SetDMAConfig	12	static
stm32h7xx_hal_eth.c:2512:13:ETH_MACDMAConfig	152	static
stm32h7xx_hal_eth.c:2636:13:ETH_DMATxDescListInit	8	static
stm32h7xx_hal_eth.c:2673:13:ETH_DMARxDescListInit	8	static
stm32h7xx_hal_eth.c:2718:17:ETH_Prepare_Tx_Descriptors	20	static
stm32h7xx_hal_eth.c:2585:13:ETH_MAC_MDIO_ClkConfig	16	static
stm32h7xx_hal_eth.c:436:13:HAL_ETH_MspInit	0	static
stm32h7xx_hal_eth.c:278:19:HAL_ETH_Init	24	static
stm32h7xx_hal_eth.c:451:13:HAL_ETH_MspDeInit	0	static
stm32h7xx_hal_eth.c:403:19:HAL_ETH_DeInit	8	static
stm32h7xx_hal_eth.c:692:19:HAL_ETH_DescAssignMemory	8	static
stm32h7xx_hal_eth.c:751:19:HAL_ETH_Start	0	static
stm32h7xx_hal_eth.c:792:19:HAL_ETH_Start_IT	4	static
stm32h7xx_hal_eth.c:855:19:HAL_ETH_Stop	0	static
stm32h7xx_hal_eth.c:895:19:HAL_ETH_Stop_IT	8	static
stm32h7xx_hal_eth.c:953:19:HAL_ETH_Transmit	24	static
stm32h7xx_hal_eth.c:1029:19:HAL_ETH_Transmit_IT	8	static
stm32h7xx_hal_eth.c:1068:9:HAL_ETH_IsRxDataAvailable	16	static
stm32h7xx_hal_eth.c:1198:19:HAL_ETH_GetRxDataBuffer	16	static
stm32h7xx_hal_eth.c:1295:19:HAL_ETH_GetRxDataLength	16	static
stm32h7xx_hal_eth.c:1327:19:HAL_ETH_GetRxDataInfo	16	static
stm32h7xx_hal_eth.c:1400:19:HAL_ETH_BuildRxDescriptors	8	static
stm32h7xx_hal_eth.c:1652:13:HAL_ETH_TxCpltCallback	0	static
stm32h7xx_hal_eth.c:1667:13:HAL_ETH_RxCpltCallback	0	static
stm32h7xx_hal_eth.c:1682:13:HAL_ETH_DMAErrorCallback	0	static
stm32h7xx_hal_eth.c:1697:13:HAL_ETH_MACErrorCallback	0	static
stm32h7xx_hal_eth.c:1712:13:HAL_ETH_PMTCallback	0	static
stm32h7xx_hal_eth.c:1727:13:HAL_ETH_EEECallback	0	static
stm32h7xx_hal_eth.c:1742:13:HAL_ETH_WakeUpCallback	0	static
stm32h7xx_hal_eth.c:1463:6:HAL_ETH_IRQHandler	8	static
stm32h7xx_hal_eth.c:1760:19:HAL_ETH_ReadPHYRegister	16	static
stm32h7xx_hal_eth.c:1814:19:HAL_ETH_WritePHYRegister	16	static
stm32h7xx_hal_eth.c:1885:19:HAL_ETH_GetMACConfig	0	static
stm32h7xx_hal_eth.c:1952:19:HAL_ETH_GetDMAConfig	0	static
stm32h7xx_hal_eth.c:1986:19:HAL_ETH_SetMACConfig	8	static
stm32h7xx_hal_eth.c:2013:19:HAL_ETH_SetDMAConfig	8	static
stm32h7xx_hal_eth.c:2038:6:HAL_ETH_SetMDIOClockRange	16	static
stm32h7xx_hal_eth.c:2090:19:HAL_ETH_SetMACFilterConfig	0	static
stm32h7xx_hal_eth.c:2124:19:HAL_ETH_GetMACFilterConfig	0	static
stm32h7xx_hal_eth.c:2158:19:HAL_ETH_SetSourceMACAddrMatch	8	static
stm32h7xx_hal_eth.c:2192:19:HAL_ETH_SetHashTable	0	static
stm32h7xx_hal_eth.c:2214:6:HAL_ETH_SetRxVLANIdentifier	4	static
stm32h7xx_hal_eth.c:2236:6:HAL_ETH_EnterPowerDownMode	0	static
stm32h7xx_hal_eth.c:2258:6:HAL_ETH_ExitPowerDownMode	0	static
stm32h7xx_hal_eth.c:2281:19:HAL_ETH_SetWakeUpFilter	8	static
stm32h7xx_hal_eth.c:2330:22:HAL_ETH_GetState	0	static
stm32h7xx_hal_eth.c:2347:10:HAL_ETH_GetError	0	static
stm32h7xx_hal_eth.c:2358:10:HAL_ETH_GetDMAError	0	static
stm32h7xx_hal_eth.c:2369:10:HAL_ETH_GetMACError	0	static
stm32h7xx_hal_eth.c:2380:10:HAL_ETH_GetMACWakeUpSource	0	static
