Archive member included to satisfy reference by file (symbol)

/home/constantine/st/stm32cubeide_1.3.0/plugins/com.st.stm32cube.ide.mcu.externaltools.gnu-tools-for-stm32.7-2018-q2-update.linux64_1.4.0.202007081208/tools/bin/../lib/gcc/arm-none-eabi/7.3.1/../../../../arm-none-eabi/lib/thumb/v7e-m/fpv4-sp/hard/libc_nano.a(lib_a-errno.o)
                              Application/User/syscalls.o (__errno)
/home/constantine/st/stm32cubeide_1.3.0/plugins/com.st.stm32cube.ide.mcu.externaltools.gnu-tools-for-stm32.7-2018-q2-update.linux64_1.4.0.202007081208/tools/bin/../lib/gcc/arm-none-eabi/7.3.1/../../../../arm-none-eabi/lib/thumb/v7e-m/fpv4-sp/hard/libc_nano.a(lib_a-exit.o)
                              /home/constantine/st/stm32cubeide_1.3.0/plugins/com.st.stm32cube.ide.mcu.externaltools.gnu-tools-for-stm32.7-2018-q2-update.linux64_1.4.0.202007081208/tools/bin/../lib/gcc/arm-none-eabi/7.3.1/../../../../arm-none-eabi/lib/thumb/v7e-m/fpv4-sp/hard/crt0.o (exit)
/home/constantine/st/stm32cubeide_1.3.0/plugins/com.st.stm32cube.ide.mcu.externaltools.gnu-tools-for-stm32.7-2018-q2-update.linux64_1.4.0.202007081208/tools/bin/../lib/gcc/arm-none-eabi/7.3.1/../../../../arm-none-eabi/lib/thumb/v7e-m/fpv4-sp/hard/libc_nano.a(lib_a-impure.o)
                              /home/constantine/st/stm32cubeide_1.3.0/plugins/com.st.stm32cube.ide.mcu.externaltools.gnu-tools-for-stm32.7-2018-q2-update.linux64_1.4.0.202007081208/tools/bin/../lib/gcc/arm-none-eabi/7.3.1/../../../../arm-none-eabi/lib/thumb/v7e-m/fpv4-sp/hard/libc_nano.a(lib_a-exit.o) (_global_impure_ptr)
/home/constantine/st/stm32cubeide_1.3.0/plugins/com.st.stm32cube.ide.mcu.externaltools.gnu-tools-for-stm32.7-2018-q2-update.linux64_1.4.0.202007081208/tools/bin/../lib/gcc/arm-none-eabi/7.3.1/../../../../arm-none-eabi/lib/thumb/v7e-m/fpv4-sp/hard/libc_nano.a(lib_a-init.o)
                              /home/constantine/st/stm32cubeide_1.3.0/plugins/com.st.stm32cube.ide.mcu.externaltools.gnu-tools-for-stm32.7-2018-q2-update.linux64_1.4.0.202007081208/tools/bin/../lib/gcc/arm-none-eabi/7.3.1/../../../../arm-none-eabi/lib/thumb/v7e-m/fpv4-sp/hard/crt0.o (__libc_init_array)
/home/constantine/st/stm32cubeide_1.3.0/plugins/com.st.stm32cube.ide.mcu.externaltools.gnu-tools-for-stm32.7-2018-q2-update.linux64_1.4.0.202007081208/tools/bin/../lib/gcc/arm-none-eabi/7.3.1/../../../../arm-none-eabi/lib/thumb/v7e-m/fpv4-sp/hard/libc_nano.a(lib_a-memcpy-stub.o)
                              Middlewares/FreeRTOS/cmsis_os2.o (memcpy)
/home/constantine/st/stm32cubeide_1.3.0/plugins/com.st.stm32cube.ide.mcu.externaltools.gnu-tools-for-stm32.7-2018-q2-update.linux64_1.4.0.202007081208/tools/bin/../lib/gcc/arm-none-eabi/7.3.1/../../../../arm-none-eabi/lib/thumb/v7e-m/fpv4-sp/hard/libc_nano.a(lib_a-memset.o)
                              /home/constantine/st/stm32cubeide_1.3.0/plugins/com.st.stm32cube.ide.mcu.externaltools.gnu-tools-for-stm32.7-2018-q2-update.linux64_1.4.0.202007081208/tools/bin/../lib/gcc/arm-none-eabi/7.3.1/../../../../arm-none-eabi/lib/thumb/v7e-m/fpv4-sp/hard/crt0.o (memset)

Allocating common symbols
Common symbol       size              file

defaultTaskHandle   0x4               Application/User/main.o
uwTick              0x4               Drivers/STM32H7xx_HAL_Driver/stm32h7xx_hal.o
xQueueRegistry      0x40              Middlewares/FreeRTOS/queue.o
pFlash              0x1c              Drivers/STM32H7xx_HAL_Driver/stm32h7xx_hal_flash.o
htim1               0x40              Application/User/stm32h7xx_hal_timebase_tim.o

Discarded input sections

 .text          0x0000000000000000        0x0 /home/constantine/st/stm32cubeide_1.3.0/plugins/com.st.stm32cube.ide.mcu.externaltools.gnu-tools-for-stm32.7-2018-q2-update.linux64_1.4.0.202007081208/tools/bin/../lib/gcc/arm-none-eabi/7.3.1/thumb/v7e-m/fpv4-sp/hard/crti.o
 .data          0x0000000000000000        0x0 /home/constantine/st/stm32cubeide_1.3.0/plugins/com.st.stm32cube.ide.mcu.externaltools.gnu-tools-for-stm32.7-2018-q2-update.linux64_1.4.0.202007081208/tools/bin/../lib/gcc/arm-none-eabi/7.3.1/thumb/v7e-m/fpv4-sp/hard/crti.o
 .bss           0x0000000000000000        0x0 /home/constantine/st/stm32cubeide_1.3.0/plugins/com.st.stm32cube.ide.mcu.externaltools.gnu-tools-for-stm32.7-2018-q2-update.linux64_1.4.0.202007081208/tools/bin/../lib/gcc/arm-none-eabi/7.3.1/thumb/v7e-m/fpv4-sp/hard/crti.o
 .data          0x0000000000000000        0x4 /home/constantine/st/stm32cubeide_1.3.0/plugins/com.st.stm32cube.ide.mcu.externaltools.gnu-tools-for-stm32.7-2018-q2-update.linux64_1.4.0.202007081208/tools/bin/../lib/gcc/arm-none-eabi/7.3.1/thumb/v7e-m/fpv4-sp/hard/crtbegin.o
 .text          0x0000000000000000       0x74 /home/constantine/st/stm32cubeide_1.3.0/plugins/com.st.stm32cube.ide.mcu.externaltools.gnu-tools-for-stm32.7-2018-q2-update.linux64_1.4.0.202007081208/tools/bin/../lib/gcc/arm-none-eabi/7.3.1/../../../../arm-none-eabi/lib/thumb/v7e-m/fpv4-sp/hard/crt0.o
[...]
Memory Configuration

Name             Origin             Length             Attributes
FLASH            0x0000000008100000 0x0000000000100000 xr
RAM              0x0000000010000000 0x0000000000048000 xrw
*default*        0x0000000000000000 0xffffffffffffffff

Linker script and memory map

LOAD /home/constantine/st/stm32cubeide_1.3.0/plugins/com.st.stm32cube.ide.mcu.externaltools.gnu-tools-for-stm32.7-2018-q2-update.linux64_1.4.0.202007081208/tools/bin/../lib/gcc/arm-none-eabi/7.3.1/thumb/v7e-m/fpv4-sp/hard/crti.o
LOAD /home/constantine/st/stm32cubeide_1.3.0/plugins/com.st.stm32cube.ide.mcu.externaltools.gnu-tools-for-stm32.7-2018-q2-update.linux64_1.4.0.202007081208/tools/bin/../lib/gcc/arm-none-eabi/7.3.1/thumb/v7e-m/fpv4-sp/hard/crtbegin.o
LOAD /home/constantine/st/stm32cubeide_1.3.0/plugins/com.st.stm32cube.ide.mcu.externaltools.gnu-tools-for-stm32.7-2018-q2-update.linux64_1.4.0.202007081208/tools/bin/../lib/gcc/arm-none-eabi/7.3.1/../../../../arm-none-eabi/lib/thumb/v7e-m/fpv4-sp/hard/crt0.o
LOAD Application/Startup/startup_stm32h757xihx.o
LOAD Application/User/freertos.o
LOAD Application/User/main.o
LOAD Application/User/stm32h7xx_hal_msp.o
LOAD Application/User/stm32h7xx_hal_timebase_tim.o
LOAD Application/User/stm32h7xx_it.o
LOAD Application/User/syscalls.o
LOAD Application/User/sysmem.o
LOAD Drivers/CMSIS/system_stm32h7xx_dualcore_boot_cm4_cm7.o
LOAD Drivers/STM32H7xx_HAL_Driver/stm32h7xx_hal.o
LOAD Drivers/STM32H7xx_HAL_Driver/stm32h7xx_hal_cortex.o
LOAD Drivers/STM32H7xx_HAL_Driver/stm32h7xx_hal_dma.o
LOAD Drivers/STM32H7xx_HAL_Driver/stm32h7xx_hal_dma_ex.o
LOAD Drivers/STM32H7xx_HAL_Driver/stm32h7xx_hal_exti.o
LOAD Drivers/STM32H7xx_HAL_Driver/stm32h7xx_hal_flash.o
LOAD Drivers/STM32H7xx_HAL_Driver/stm32h7xx_hal_flash_ex.o
LOAD Drivers/STM32H7xx_HAL_Driver/stm32h7xx_hal_gpio.o
LOAD Drivers/STM32H7xx_HAL_Driver/stm32h7xx_hal_hsem.o
LOAD Drivers/STM32H7xx_HAL_Driver/stm32h7xx_hal_i2c.o
LOAD Drivers/STM32H7xx_HAL_Driver/stm32h7xx_hal_i2c_ex.o
LOAD Drivers/STM32H7xx_HAL_Driver/stm32h7xx_hal_mdma.o
LOAD Drivers/STM32H7xx_HAL_Driver/stm32h7xx_hal_pwr.o
LOAD Drivers/STM32H7xx_HAL_Driver/stm32h7xx_hal_pwr_ex.o
LOAD Drivers/STM32H7xx_HAL_Driver/stm32h7xx_hal_rcc.o
LOAD Drivers/STM32H7xx_HAL_Driver/stm32h7xx_hal_rcc_ex.o
LOAD Drivers/STM32H7xx_HAL_Driver/stm32h7xx_hal_tim.o
LOAD Drivers/STM32H7xx_HAL_Driver/stm32h7xx_hal_tim_ex.o
LOAD Middlewares/FreeRTOS/cmsis_os2.o
LOAD Middlewares/FreeRTOS/croutine.o
LOAD Middlewares/FreeRTOS/event_groups.o
LOAD Middlewares/FreeRTOS/heap_4.o
LOAD Middlewares/FreeRTOS/list.o
LOAD Middlewares/FreeRTOS/port.o
LOAD Middlewares/FreeRTOS/queue.o
LOAD Middlewares/FreeRTOS/stream_buffer.o
LOAD Middlewares/FreeRTOS/tasks.o
LOAD Middlewares/FreeRTOS/timers.o
START GROUP
LOAD /home/constantine/st/stm32cubeide_1.3.0/plugins/com.st.stm32cube.ide.mcu.externaltools.gnu-tools-for-stm32.7-2018-q2-update.linux64_1.4.0.202007081208/tools/bin/../lib/gcc/arm-none-eabi/7.3.1/../../../../arm-none-eabi/lib/thumb/v7e-m/fpv4-sp/hard/libc_nano.a
LOAD /home/constantine/st/stm32cubeide_1.3.0/plugins/com.st.stm32cube.ide.mcu.externaltools.gnu-tools-for-stm32.7-2018-q2-update.linux64_1.4.0.202007081208/tools/bin/../lib/gcc/arm-none-eabi/7.3.1/../../../../arm-none-eabi/lib/thumb/v7e-m/fpv4-sp/hard/libm.a
END GROUP
START GROUP
LOAD /home/constantine/st/stm32cubeide_1.3.0/plugins/com.st.stm32cube.ide.mcu.externaltools.gnu-tools-for-stm32.7-2018-q2-update.linux64_1.4.0.202007081208/tools/bin/../lib/gcc/arm-none-eabi/7.3.1/thumb/v7e-m/fpv4-sp/hard/libgcc.a
LOAD /home/constantine/st/stm32cubeide_1.3.0/plugins/com.st.stm32cube.ide.mcu.externaltools.gnu-tools-for-stm32.7-2018-q2-update.linux64_1.4.0.202007081208/tools/bin/../lib/gcc/arm-none-eabi/7.3.1/../../../../arm-none-eabi/lib/thumb/v7e-m/fpv4-sp/hard/libc_nano.a
END GROUP
START GROUP
LOAD /home/constantine/st/stm32cubeide_1.3.0/plugins/com.st.stm32cube.ide.mcu.externaltools.gnu-tools-for-stm32.7-2018-q2-update.linux64_1.4.0.202007081208/tools/bin/../lib/gcc/arm-none-eabi/7.3.1/thumb/v7e-m/fpv4-sp/hard/libgcc.a
LOAD /home/constantine/st/stm32cubeide_1.3.0/plugins/com.st.stm32cube.ide.mcu.externaltools.gnu-tools-for-stm32.7-2018-q2-update.linux64_1.4.0.202007081208/tools/bin/../lib/gcc/arm-none-eabi/7.3.1/../../../../arm-none-eabi/lib/thumb/v7e-m/fpv4-sp/hard/libc_nano.a
LOAD /home/constantine/st/stm32cubeide_1.3.0/plugins/com.st.stm32cube.ide.mcu.externaltools.gnu-tools-for-stm32.7-2018-q2-update.linux64_1.4.0.202007081208/tools/bin/../lib/gcc/arm-none-eabi/7.3.1/../../../../arm-none-eabi/lib/thumb/v7e-m/fpv4-sp/hard/libnosys.a
END GROUP
START GROUP
LOAD /home/constantine/st/stm32cubeide_1.3.0/plugins/com.st.stm32cube.ide.mcu.externaltools.gnu-tools-for-stm32.7-2018-q2-update.linux64_1.4.0.202007081208/tools/bin/../lib/gcc/arm-none-eabi/7.3.1/thumb/v7e-m/fpv4-sp/hard/libgcc.a
LOAD /home/constantine/st/stm32cubeide_1.3.0/plugins/com.st.stm32cube.ide.mcu.externaltools.gnu-tools-for-stm32.7-2018-q2-update.linux64_1.4.0.202007081208/tools/bin/../lib/gcc/arm-none-eabi/7.3.1/../../../../arm-none-eabi/lib/thumb/v7e-m/fpv4-sp/hard/libc_nano.a
LOAD /home/constantine/st/stm32cubeide_1.3.0/plugins/com.st.stm32cube.ide.mcu.externaltools.gnu-tools-for-stm32.7-2018-q2-update.linux64_1.4.0.202007081208/tools/bin/../lib/gcc/arm-none-eabi/7.3.1/../../../../arm-none-eabi/lib/thumb/v7e-m/fpv4-sp/hard/libnosys.a
END GROUP
LOAD /home/constantine/st/stm32cubeide_1.3.0/plugins/com.st.stm32cube.ide.mcu.externaltools.gnu-tools-for-stm32.7-2018-q2-update.linux64_1.4.0.202007081208/tools/bin/../lib/gcc/arm-none-eabi/7.3.1/thumb/v7e-m/fpv4-sp/hard/crtend.o
LOAD /home/constantine/st/stm32cubeide_1.3.0/plugins/com.st.stm32cube.ide.mcu.externaltools.gnu-tools-for-stm32.7-2018-q2-update.linux64_1.4.0.202007081208/tools/bin/../lib/gcc/arm-none-eabi/7.3.1/thumb/v7e-m/fpv4-sp/hard/crtn.o
                0x0000000010048000                _estack = 0x10048000
                0x0000000000000200                _Min_Heap_Size = 0x200
                0x0000000000000400                _Min_Stack_Size = 0x400

.isr_vector     0x0000000008100000      0x298
                0x0000000008100000                . = ALIGN (0x4)
 *(.isr_vector)
 .isr_vector    0x0000000008100000      0x298 Application/Startup/startup_stm32h757xihx.o
                0x0000000008100000                g_pfnVectors
                0x0000000008100298                . = ALIGN (0x4)

.text           0x00000000081002a0     0x3ef8
                0x00000000081002a0                . = ALIGN (0x4)
 *(.text)
 .text          0x00000000081002a0       0x40 /home/constantine/st/stm32cubeide_1.3.0/plugins/com.st.stm32cube.ide.mcu.externaltools.gnu-tools-for-stm32.7-2018-q2-update.linux64_1.4.0.202007081208/tools/bin/../lib/gcc/arm-none-eabi/7.3.1/thumb/v7e-m/fpv4-sp/hard/crtbegin.o
 *(.text*)
 .text.Reset_Handler
                0x00000000081002e0       0x50 Application/Startup/startup_stm32h757xihx.o
                0x00000000081002e0                Reset_Handler
 .text.Default_Handler
                0x0000000008100330        0x2 Application/Startup/startup_stm32h757xihx.o
                0x0000000008100330                RTC_Alarm_IRQHandler
                0x0000000008100330                HASH_RNG_IRQHandler
                0x0000000008100330                EXTI2_IRQHandler
                0x0000000008100330                TIM8_CC_IRQHandler
                0x0000000008100330                HRTIM1_Master_IRQHandler
                0x0000000008100330                UART8_IRQHandler
                0x0000000008100330                SPI4_IRQHandler
                0x0000000008100330                TIM1_CC_IRQHandler
                0x0000000008100330                BDMA_Channel6_IRQHandler
                0x0000000008100330                DMA2_Stream5_IRQHandler
                0x0000000008100330                HRTIM1_FLT_IRQHandler
                0x0000000008100330                JPEG_IRQHandler
                0x0000000008100330                DMA1_Stream5_IRQHandler
                0x0000000008100330                BDMA_Channel1_IRQHandler
                0x0000000008100330                HRTIM1_TIMD_IRQHandler
                0x0000000008100330                TAMP_STAMP_IRQHandler
                0x0000000008100330                EXTI3_IRQHandler
                0x0000000008100330                LPTIM4_IRQHandler
                0x0000000008100330                TIM8_TRG_COM_TIM14_IRQHandler
                0x0000000008100330                LPTIM2_IRQHandler
                0x0000000008100330                DFSDM1_FLT1_IRQHandler
                0x0000000008100330                DMAMUX2_OVR_IRQHandler
                0x0000000008100330                TIM8_UP_TIM13_IRQHandler
                0x0000000008100330                I2C3_ER_IRQHandler
                0x0000000008100330                DFSDM1_FLT2_IRQHandler
                0x0000000008100330                MDMA_IRQHandler
                0x0000000008100330                LPTIM3_IRQHandler
                0x0000000008100330                HSEM1_IRQHandler
                0x0000000008100330                EXTI0_IRQHandler
                0x0000000008100330                I2C2_EV_IRQHandler
                0x0000000008100330                DMA1_Stream2_IRQHandler
                0x0000000008100330                FPU_IRQHandler
                0x0000000008100330                OTG_HS_WKUP_IRQHandler
                0x0000000008100330                FDCAN1_IT1_IRQHandler
                0x0000000008100330                LTDC_ER_IRQHandler
                0x0000000008100330                DMA2_Stream2_IRQHandler
                0x0000000008100330                HRTIM1_TIME_IRQHandler
                0x0000000008100330                SPI1_IRQHandler
                0x0000000008100330                TIM6_DAC_IRQHandler
                0x0000000008100330                DCMI_IRQHandler
                0x0000000008100330                HRTIM1_TIMC_IRQHandler
                0x0000000008100330                DMA2_Stream3_IRQHandler
                0x0000000008100330                SAI2_IRQHandler
                0x0000000008100330                DFSDM1_FLT3_IRQHandler
                0x0000000008100330                USART6_IRQHandler
                0x0000000008100330                TIM17_IRQHandler
                0x0000000008100330                USART3_IRQHandler
                0x0000000008100330                BDMA_Channel7_IRQHandler
                0x0000000008100330                CRYP_IRQHandler
                0x0000000008100330                LPTIM5_IRQHandler
                0x0000000008100330                UART5_IRQHandler
                0x0000000008100330                ADC3_IRQHandler
                0x0000000008100330                DMA2_Stream0_IRQHandler
                0x0000000008100330                TIM4_IRQHandler
                0x0000000008100330                BDMA_Channel2_IRQHandler
                0x0000000008100330                QUADSPI_IRQHandler
                0x0000000008100330                I2C1_EV_IRQHandler
                0x0000000008100330                DMA1_Stream6_IRQHandler
                0x0000000008100330                DMAMUX1_OVR_IRQHandler
                0x0000000008100330                DMA1_Stream1_IRQHandler
                0x0000000008100330                TIM16_IRQHandler
                0x0000000008100330                UART4_IRQHandler
                0x0000000008100330                BDMA_Channel5_IRQHandler
                0x0000000008100330                TIM3_IRQHandler
                0x0000000008100330                RCC_IRQHandler
                0x0000000008100330                TIM8_BRK_TIM12_IRQHandler
                0x0000000008100330                TIM1_TRG_COM_IRQHandler
                0x0000000008100330                Default_Handler
                0x0000000008100330                ECC_IRQHandler
                0x0000000008100330                CEC_IRQHandler
                0x0000000008100330                EXTI15_10_IRQHandler
                0x0000000008100330                BDMA_Channel0_IRQHandler
                0x0000000008100330                ADC_IRQHandler
                0x0000000008100330                DMA1_Stream7_IRQHandler
                0x0000000008100330                HRTIM1_TIMA_IRQHandler
                0x0000000008100330                SPI5_IRQHandler
                0x0000000008100330                TIM7_IRQHandler
                0x0000000008100330                SDMMC1_IRQHandler
                0x0000000008100330                TIM5_IRQHandler
                0x0000000008100330                DMA2_Stream7_IRQHandler
                0x0000000008100330                TIM15_IRQHandler
                0x0000000008100330                PVD_AVD_IRQHandler
                0x0000000008100330                I2C3_EV_IRQHandler
                0x0000000008100330                EXTI9_5_IRQHandler
                0x0000000008100330                RTC_WKUP_IRQHandler
                0x0000000008100330                LTDC_IRQHandler
                0x0000000008100330                SAI3_IRQHandler
                0x0000000008100330                ETH_WKUP_IRQHandler
                0x0000000008100330                SPDIF_RX_IRQHandler
                0x0000000008100330                SPI2_IRQHandler
                0x0000000008100330                OTG_HS_EP1_IN_IRQHandler
                0x0000000008100330                DMA1_Stream0_IRQHandler
                0x0000000008100330                CRS_IRQHandler
                0x0000000008100330                CM7_SEV_IRQHandler
                0x0000000008100330                EXTI4_IRQHandler
                0x0000000008100330                CM4_SEV_IRQHandler
                0x0000000008100330                HRTIM1_TIMB_IRQHandler
                0x0000000008100330                FDCAN2_IT1_IRQHandler
                0x0000000008100330                DSI_IRQHandler
                0x0000000008100330                ETH_IRQHandler
                0x0000000008100330                WWDG_RST_IRQHandler
                0x0000000008100330                BDMA_Channel4_IRQHandler
                0x0000000008100330                OTG_HS_EP1_OUT_IRQHandler
                0x0000000008100330                WWDG_IRQHandler
                0x0000000008100330                SPI6_IRQHandler
                0x0000000008100330                MDIOS_IRQHandler
                0x0000000008100330                I2C4_EV_IRQHandler
                0x0000000008100330                FDCAN2_IT0_IRQHandler
                0x0000000008100330                LPUART1_IRQHandler
                0x0000000008100330                FDCAN1_IT0_IRQHandler
                0x0000000008100330                TIM2_IRQHandler
                0x0000000008100330                OTG_FS_WKUP_IRQHandler
                0x0000000008100330                OTG_HS_IRQHandler
                0x0000000008100330                HSEM2_IRQHandler
                0x0000000008100330                DMA2D_IRQHandler
                0x0000000008100330                TIM1_BRK_IRQHandler
                0x0000000008100330                EXTI1_IRQHandler
                0x0000000008100330                SDMMC2_IRQHandler
                0x0000000008100330                OTG_FS_EP1_OUT_IRQHandler
                0x0000000008100330                BDMA_Channel3_IRQHandler
                0x0000000008100330                HOLD_CORE_IRQHandler
                0x0000000008100330                UART7_IRQHandler
                0x0000000008100330                MDIOS_WKUP_IRQHandler
                0x0000000008100330                USART2_IRQHandler
                0x0000000008100330                DFSDM1_FLT0_IRQHandler
                0x0000000008100330                SAI4_IRQHandler
                0x0000000008100330                I2C2_ER_IRQHandler
                0x0000000008100330                DMA2_Stream1_IRQHandler
                0x0000000008100330                FLASH_IRQHandler
                0x0000000008100330                DMA2_Stream4_IRQHandler
                0x0000000008100330                USART1_IRQHandler
                0x0000000008100330                OTG_FS_IRQHandler
                0x0000000008100330                SPI3_IRQHandler
                0x0000000008100330                WAKEUP_PIN_IRQHandler
                0x0000000008100330                DMA1_Stream4_IRQHandler
                0x0000000008100330                OTG_FS_EP1_IN_IRQHandler
                0x0000000008100330                I2C1_ER_IRQHandler
                0x0000000008100330                FMC_IRQHandler
                0x0000000008100330                FDCAN_CAL_IRQHandler
                0x0000000008100330                SWPMI1_IRQHandler
                0x0000000008100330                COMP1_IRQHandler
                0x0000000008100330                LPTIM1_IRQHandler
                0x0000000008100330                I2C4_ER_IRQHandler
                0x0000000008100330                DMA2_Stream6_IRQHandler
                0x0000000008100330                SAI1_IRQHandler
                0x0000000008100330                DMA1_Stream3_IRQHandler
 .text.vApplicationMallocFailedHook
                0x0000000008100332        0xe Application/User/freertos.o
                0x0000000008100332                vApplicationMallocFailedHook
 .text.main     0x0000000008100340       0xa8 Application/User/main.o
                0x0000000008100340                main
 .text.MX_DMA_Init
                0x00000000081003e8       0x54 Application/User/main.o
 .text.MX_GPIO_Init
                0x000000000810043c       0xa8 Application/User/main.o
 .text.StartDefaultTask
                0x00000000081004e4       0x10 Application/User/main.o
                0x00000000081004e4                StartDefaultTask
 .text.HAL_TIM_PeriodElapsedCallback
                0x00000000081004f4       0x24 Application/User/main.o
                0x00000000081004f4                HAL_TIM_PeriodElapsedCallback
 .text.HAL_MspInit
                0x0000000008100518       0x3c Application/User/stm32h7xx_hal_msp.o
                0x0000000008100518                HAL_MspInit
 .text.HAL_InitTick
                0x0000000008100554       0xb8 Application/User/stm32h7xx_hal_timebase_tim.o
                0x0000000008100554                HAL_InitTick
 .text.NMI_Handler
                0x000000000810060c        0xe Application/User/stm32h7xx_it.o
                0x000000000810060c                NMI_Handler
 .text.HardFault_Handler
                0x000000000810061a        0x6 Application/User/stm32h7xx_it.o
                0x000000000810061a                HardFault_Handler
 .text.MemManage_Handler
                0x0000000008100620        0x6 Application/User/stm32h7xx_it.o
                0x0000000008100620                MemManage_Handler
 .text.BusFault_Handler
                0x0000000008100626        0x6 Application/User/stm32h7xx_it.o
                0x0000000008100626                BusFault_Handler
 .text.UsageFault_Handler
                0x000000000810062c        0x6 Application/User/stm32h7xx_it.o
                0x000000000810062c                UsageFault_Handler
 .text.DebugMon_Handler
                0x0000000008100632        0xe Application/User/stm32h7xx_it.o
                0x0000000008100632                DebugMon_Handler
 .text.TIM1_UP_IRQHandler
                0x0000000008100640       0x14 Application/User/stm32h7xx_it.o
                0x0000000008100640                TIM1_UP_IRQHandler
 .text.SystemInit
                0x0000000008100654       0x38 Drivers/CMSIS/system_stm32h7xx_dualcore_boot_cm4_cm7.o
                0x0000000008100654                SystemInit
 .text.HAL_Init
                0x000000000810068c       0xbc Drivers/STM32H7xx_HAL_Driver/stm32h7xx_hal.o
                0x000000000810068c                HAL_Init
 .text.HAL_IncTick
                0x0000000008100748       0x28 Drivers/STM32H7xx_HAL_Driver/stm32h7xx_hal.o
                0x0000000008100748                HAL_IncTick
 .text.__NVIC_SetPriorityGrouping
                0x0000000008100770       0x48 Drivers/STM32H7xx_HAL_Driver/stm32h7xx_hal_cortex.o
 .text.__NVIC_GetPriorityGrouping
                0x00000000081007b8       0x1c Drivers/STM32H7xx_HAL_Driver/stm32h7xx_hal_cortex.o
 .text.__NVIC_EnableIRQ
                0x00000000081007d4       0x3c Drivers/STM32H7xx_HAL_Driver/stm32h7xx_hal_cortex.o
 .text.__NVIC_SetPriority
                0x0000000008100810       0x54 Drivers/STM32H7xx_HAL_Driver/stm32h7xx_hal_cortex.o
 .text.NVIC_EncodePriority
                0x0000000008100864       0x66 Drivers/STM32H7xx_HAL_Driver/stm32h7xx_hal_cortex.o
 .text.HAL_NVIC_SetPriorityGrouping
                0x00000000081008ca       0x16 Drivers/STM32H7xx_HAL_Driver/stm32h7xx_hal_cortex.o
                0x00000000081008ca                HAL_NVIC_SetPriorityGrouping
 .text.HAL_NVIC_SetPriority
                0x00000000081008e0       0x34 Drivers/STM32H7xx_HAL_Driver/stm32h7xx_hal_cortex.o
                0x00000000081008e0                HAL_NVIC_SetPriority
 .text.HAL_NVIC_EnableIRQ
                0x0000000008100914       0x1c Drivers/STM32H7xx_HAL_Driver/stm32h7xx_hal_cortex.o
                0x0000000008100914                HAL_NVIC_EnableIRQ
 .text.HAL_GetCurrentCPUID
                0x0000000008100930       0x28 Drivers/STM32H7xx_HAL_Driver/stm32h7xx_hal_cortex.o
                0x0000000008100930                HAL_GetCurrentCPUID
 .text.HAL_GPIO_Init
                0x0000000008100958      0x360 Drivers/STM32H7xx_HAL_Driver/stm32h7xx_hal_gpio.o
                0x0000000008100958                HAL_GPIO_Init
 .text.HAL_HSEM_ActivateNotification
                0x0000000008100cb8       0x24 Drivers/STM32H7xx_HAL_Driver/stm32h7xx_hal_hsem.o
                0x0000000008100cb8                HAL_HSEM_ActivateNotification
 .text.HAL_PWREx_EnterSTOPMode
                0x0000000008100cdc       0xd4 Drivers/STM32H7xx_HAL_Driver/stm32h7xx_hal_pwr_ex.o
                0x0000000008100cdc                HAL_PWREx_EnterSTOPMode
 .text.HAL_PWREx_ClearPendingEvent
                0x0000000008100db0       0x1a Drivers/STM32H7xx_HAL_Driver/stm32h7xx_hal_pwr_ex.o
                0x0000000008100db0                HAL_PWREx_ClearPendingEvent
 *fill*         0x0000000008100dca        0x2 
 .text.HAL_RCC_GetSysClockFreq
                0x0000000008100dcc      0x2e4 Drivers/STM32H7xx_HAL_Driver/stm32h7xx_hal_rcc.o
                0x0000000008100dcc                HAL_RCC_GetSysClockFreq
 .text.HAL_RCC_GetHCLKFreq
                0x00000000081010b0       0x64 Drivers/STM32H7xx_HAL_Driver/stm32h7xx_hal_rcc.o
                0x00000000081010b0                HAL_RCC_GetHCLKFreq
 .text.HAL_RCC_GetPCLK2Freq
                0x0000000008101114       0x2c Drivers/STM32H7xx_HAL_Driver/stm32h7xx_hal_rcc.o
                0x0000000008101114                HAL_RCC_GetPCLK2Freq
 .text.HAL_RCC_GetClockConfig
                0x0000000008101140       0x84 Drivers/STM32H7xx_HAL_Driver/stm32h7xx_hal_rcc.o
                0x0000000008101140                HAL_RCC_GetClockConfig
 .text.HAL_TIM_Base_Init
                0x00000000081011c4       0x56 Drivers/STM32H7xx_HAL_Driver/stm32h7xx_hal_tim.o
                0x00000000081011c4                HAL_TIM_Base_Init
 .text.HAL_TIM_Base_MspInit
                0x000000000810121a       0x14 Drivers/STM32H7xx_HAL_Driver/stm32h7xx_hal_tim.o
                0x000000000810121a                HAL_TIM_Base_MspInit
 *fill*         0x000000000810122e        0x2 
 .text.HAL_TIM_Base_Start_IT
                0x0000000008101230       0x54 Drivers/STM32H7xx_HAL_Driver/stm32h7xx_hal_tim.o
                0x0000000008101230                HAL_TIM_Base_Start_IT
 .text.HAL_TIM_IRQHandler
                0x0000000008101284      0x23e Drivers/STM32H7xx_HAL_Driver/stm32h7xx_hal_tim.o
                0x0000000008101284                HAL_TIM_IRQHandler
 .text.HAL_TIM_OC_DelayElapsedCallback
                0x00000000081014c2       0x14 Drivers/STM32H7xx_HAL_Driver/stm32h7xx_hal_tim.o
                0x00000000081014c2                HAL_TIM_OC_DelayElapsedCallback
 .text.HAL_TIM_IC_CaptureCallback
                0x00000000081014d6       0x14 Drivers/STM32H7xx_HAL_Driver/stm32h7xx_hal_tim.o
                0x00000000081014d6                HAL_TIM_IC_CaptureCallback
 .text.HAL_TIM_PWM_PulseFinishedCallback
                0x00000000081014ea       0x14 Drivers/STM32H7xx_HAL_Driver/stm32h7xx_hal_tim.o
                0x00000000081014ea                HAL_TIM_PWM_PulseFinishedCallback
 .text.HAL_TIM_TriggerCallback
                0x00000000081014fe       0x14 Drivers/STM32H7xx_HAL_Driver/stm32h7xx_hal_tim.o
                0x00000000081014fe                HAL_TIM_TriggerCallback
 *fill*         0x0000000008101512        0x2 
 .text.TIM_Base_SetConfig
                0x0000000008101514      0x134 Drivers/STM32H7xx_HAL_Driver/stm32h7xx_hal_tim.o
                0x0000000008101514                TIM_Base_SetConfig
 .text.HAL_TIMEx_CommutCallback
                0x0000000008101648       0x14 Drivers/STM32H7xx_HAL_Driver/stm32h7xx_hal_tim_ex.o
                0x0000000008101648                HAL_TIMEx_CommutCallback
 .text.HAL_TIMEx_BreakCallback
                0x000000000810165c       0x14 Drivers/STM32H7xx_HAL_Driver/stm32h7xx_hal_tim_ex.o
                0x000000000810165c                HAL_TIMEx_BreakCallback
 .text.HAL_TIMEx_Break2Callback
                0x0000000008101670       0x14 Drivers/STM32H7xx_HAL_Driver/stm32h7xx_hal_tim_ex.o
                0x0000000008101670                HAL_TIMEx_Break2Callback
 .text.SVC_Setup
                0x0000000008101684        0xe Middlewares/FreeRTOS/cmsis_os2.o
 *fill*         0x0000000008101692        0x2 
 .text.osKernelInitialize
                0x0000000008101694       0x68 Middlewares/FreeRTOS/cmsis_os2.o
                0x0000000008101694                osKernelInitialize
 .text.osKernelStart
                0x00000000081016fc       0x6c Middlewares/FreeRTOS/cmsis_os2.o
                0x00000000081016fc                osKernelStart
 .text.osThreadNew
                0x0000000008101768      0x14c Middlewares/FreeRTOS/cmsis_os2.o
                0x0000000008101768                osThreadNew
 .text.osDelay  0x00000000081018b4       0x5c Middlewares/FreeRTOS/cmsis_os2.o
                0x00000000081018b4                osDelay
 .text.vApplicationGetIdleTaskMemory
                0x0000000008101910       0x34 Middlewares/FreeRTOS/cmsis_os2.o
                0x0000000008101910                vApplicationGetIdleTaskMemory
 .text.vApplicationGetTimerTaskMemory
                0x0000000008101944       0x34 Middlewares/FreeRTOS/cmsis_os2.o
                0x0000000008101944                vApplicationGetTimerTaskMemory
 .text.pvPortMalloc
                0x0000000008101978      0x18c Middlewares/FreeRTOS/heap_4.o
                0x0000000008101978                pvPortMalloc
 .text.vPortFree
                0x0000000008101b04       0xb0 Middlewares/FreeRTOS/heap_4.o
                0x0000000008101b04                vPortFree
 .text.prvHeapInit
                0x0000000008101bb4       0xc4 Middlewares/FreeRTOS/heap_4.o
 .text.prvInsertBlockIntoFreeList
                0x0000000008101c78       0xb4 Middlewares/FreeRTOS/heap_4.o
 .text.vListInitialise
                0x0000000008101d2c       0x40 Middlewares/FreeRTOS/list.o
                0x0000000008101d2c                vListInitialise
 .text.vListInitialiseItem
                0x0000000008101d6c       0x1a Middlewares/FreeRTOS/list.o
                0x0000000008101d6c                vListInitialiseItem
 .text.vListInsertEnd
                0x0000000008101d86       0x48 Middlewares/FreeRTOS/list.o
                0x0000000008101d86                vListInsertEnd
 .text.vListInsert
                0x0000000008101dce       0x72 Middlewares/FreeRTOS/list.o
                0x0000000008101dce                vListInsert
 .text.uxListRemove
                0x0000000008101e40       0x54 Middlewares/FreeRTOS/list.o
                0x0000000008101e40                uxListRemove
 .text.pxPortInitialiseStack
                0x0000000008101e94       0x68 Middlewares/FreeRTOS/port.o
                0x0000000008101e94                pxPortInitialiseStack
 .text.prvTaskExitError
                0x0000000008101efc       0x54 Middlewares/FreeRTOS/port.o
 .text.SVC_Handler
                0x0000000008101f50       0x28 Middlewares/FreeRTOS/port.o
                0x0000000008101f50                SVC_Handler
 .text.prvPortStartFirstTask
                0x0000000008101f78       0x28 Middlewares/FreeRTOS/port.o
 .text.xPortStartScheduler
                0x0000000008101fa0      0x13c Middlewares/FreeRTOS/port.o
                0x0000000008101fa0                xPortStartScheduler
 .text.vPortEnterCritical
                0x00000000081020dc       0x5c Middlewares/FreeRTOS/port.o
                0x00000000081020dc                vPortEnterCritical
 .text.vPortExitCritical
                0x0000000008102138       0x50 Middlewares/FreeRTOS/port.o
                0x0000000008102138                vPortExitCritical
 *fill*         0x0000000008102188        0x8 
 .text.PendSV_Handler
                0x0000000008102190       0x68 Middlewares/FreeRTOS/port.o
                0x0000000008102190                PendSV_Handler
 .text.SysTick_Handler
                0x00000000081021f8       0x40 Middlewares/FreeRTOS/port.o
                0x00000000081021f8                SysTick_Handler
 .text.vPortSetupTimerInterrupt
                0x0000000008102238       0x48 Middlewares/FreeRTOS/port.o
                0x0000000008102238                vPortSetupTimerInterrupt
 .text.vPortEnableVFP
                0x0000000008102280       0x14 Middlewares/FreeRTOS/port.o
 .text.vPortValidateInterruptPriority
                0x0000000008102294       0x7c Middlewares/FreeRTOS/port.o
                0x0000000008102294                vPortValidateInterruptPriority
 .text.xQueueGenericReset
                0x0000000008102310       0xd0 Middlewares/FreeRTOS/queue.o
                0x0000000008102310                xQueueGenericReset
 .text.xQueueGenericCreateStatic
                0x00000000081023e0       0xe6 Middlewares/FreeRTOS/queue.o
                0x00000000081023e0                xQueueGenericCreateStatic
 .text.prvInitialiseNewQueue
                0x00000000081024c6       0x46 Middlewares/FreeRTOS/queue.o
 .text.xQueueGenericSend
                0x000000000810250c      0x1f4 Middlewares/FreeRTOS/queue.o
                0x000000000810250c                xQueueGenericSend
 .text.xQueueGenericSendFromISR
                0x0000000008102700      0x128 Middlewares/FreeRTOS/queue.o
                0x0000000008102700                xQueueGenericSendFromISR
 .text.xQueueReceive
                0x0000000008102828      0x1b8 Middlewares/FreeRTOS/queue.o
                0x0000000008102828                xQueueReceive
 .text.prvCopyDataToQueue
                0x00000000081029e0       0xd4 Middlewares/FreeRTOS/queue.o
 .text.prvCopyDataFromQueue
                0x0000000008102ab4       0x4c Middlewares/FreeRTOS/queue.o
 .text.prvUnlockQueue
                0x0000000008102b00       0xa4 Middlewares/FreeRTOS/queue.o
 .text.prvIsQueueEmpty
                0x0000000008102ba4       0x2c Middlewares/FreeRTOS/queue.o
 .text.prvIsQueueFull
                0x0000000008102bd0       0x30 Middlewares/FreeRTOS/queue.o
 .text.vQueueAddToRegistry
                0x0000000008102c00       0x50 Middlewares/FreeRTOS/queue.o
                0x0000000008102c00                vQueueAddToRegistry
 .text.vQueueWaitForMessageRestricted
                0x0000000008102c50       0x68 Middlewares/FreeRTOS/queue.o
                0x0000000008102c50                vQueueWaitForMessageRestricted
 .text.xTaskCreateStatic
                0x0000000008102cb8       0xb4 Middlewares/FreeRTOS/tasks.o
                0x0000000008102cb8                xTaskCreateStatic
 .text.xTaskCreate
                0x0000000008102d6c       0x8a Middlewares/FreeRTOS/tasks.o
                0x0000000008102d6c                xTaskCreate
 .text.prvInitialiseNewTask
                0x0000000008102df6      0x11c Middlewares/FreeRTOS/tasks.o
 *fill*         0x0000000008102f12        0x2 
 .text.prvAddNewTaskToReadyList
                0x0000000008102f14       0xe0 Middlewares/FreeRTOS/tasks.o
 .text.vTaskDelay
                0x0000000008102ff4       0x68 Middlewares/FreeRTOS/tasks.o
                0x0000000008102ff4                vTaskDelay
 .text.vTaskStartScheduler
                0x000000000810305c       0xc8 Middlewares/FreeRTOS/tasks.o
                0x000000000810305c                vTaskStartScheduler
 .text.vTaskSuspendAll
                0x0000000008103124       0x1c Middlewares/FreeRTOS/tasks.o
                0x0000000008103124                vTaskSuspendAll
 .text.xTaskResumeAll
                0x0000000008103140      0x138 Middlewares/FreeRTOS/tasks.o
                0x0000000008103140                xTaskResumeAll
 .text.xTaskGetTickCount
                0x0000000008103278       0x20 Middlewares/FreeRTOS/tasks.o
                0x0000000008103278                xTaskGetTickCount
 .text.xTaskIncrementTick
                0x0000000008103298      0x170 Middlewares/FreeRTOS/tasks.o
                0x0000000008103298                xTaskIncrementTick
 .text.vTaskSwitchContext
                0x0000000008103408       0xb8 Middlewares/FreeRTOS/tasks.o
                0x0000000008103408                vTaskSwitchContext
 .text.vTaskPlaceOnEventList
                0x00000000081034c0       0x48 Middlewares/FreeRTOS/tasks.o
                0x00000000081034c0                vTaskPlaceOnEventList
 .text.vTaskPlaceOnEventListRestricted
                0x0000000008103508       0x54 Middlewares/FreeRTOS/tasks.o
                0x0000000008103508                vTaskPlaceOnEventListRestricted
 .text.xTaskRemoveFromEventList
                0x000000000810355c       0xc4 Middlewares/FreeRTOS/tasks.o
                0x000000000810355c                xTaskRemoveFromEventList
 .text.vTaskInternalSetTimeOutState
                0x0000000008103620       0x2c Middlewares/FreeRTOS/tasks.o
                0x0000000008103620                vTaskInternalSetTimeOutState
 .text.xTaskCheckForTimeOut
                0x000000000810364c       0xc0 Middlewares/FreeRTOS/tasks.o
                0x000000000810364c                xTaskCheckForTimeOut
 .text.vTaskMissedYield
                0x000000000810370c       0x18 Middlewares/FreeRTOS/tasks.o
                0x000000000810370c                vTaskMissedYield
 .text.prvIdleTask
                0x0000000008103724       0x30 Middlewares/FreeRTOS/tasks.o
 .text.prvInitialiseTaskLists
                0x0000000008103754       0x80 Middlewares/FreeRTOS/tasks.o
 .text.prvCheckTasksWaitingTermination
                0x00000000081037d4       0x58 Middlewares/FreeRTOS/tasks.o
 .text.prvDeleteTCB
                0x000000000810382c       0x5c Middlewares/FreeRTOS/tasks.o
 .text.prvResetNextTaskUnblockTime
                0x0000000008103888       0x40 Middlewares/FreeRTOS/tasks.o
 .text.xTaskGetSchedulerState
                0x00000000081038c8       0x3c Middlewares/FreeRTOS/tasks.o
                0x00000000081038c8                xTaskGetSchedulerState
 .text.xTaskPriorityDisinherit
                0x0000000008103904       0xd8 Middlewares/FreeRTOS/tasks.o
                0x0000000008103904                xTaskPriorityDisinherit
 .text.prvAddCurrentTaskToDelayedList
                0x00000000081039dc       0xa8 Middlewares/FreeRTOS/tasks.o
 .text.xTimerCreateTimerTask
                0x0000000008103a84       0x90 Middlewares/FreeRTOS/timers.o
                0x0000000008103a84                xTimerCreateTimerTask
 .text.xTimerGenericCommand
                0x0000000008103b14       0x98 Middlewares/FreeRTOS/timers.o
                0x0000000008103b14                xTimerGenericCommand
 .text.prvProcessExpiredTimer
                0x0000000008103bac       0x98 Middlewares/FreeRTOS/timers.o
 .text.prvTimerTask
                0x0000000008103c44       0x24 Middlewares/FreeRTOS/timers.o
 .text.prvProcessTimerOrBlockTask
                0x0000000008103c68       0x9c Middlewares/FreeRTOS/timers.o
 .text.prvGetNextExpireTime
                0x0000000008103d04       0x48 Middlewares/FreeRTOS/timers.o
 .text.prvSampleTimeNow
                0x0000000008103d4c       0x40 Middlewares/FreeRTOS/timers.o
 .text.prvInsertTimerInActiveList
                0x0000000008103d8c       0x84 Middlewares/FreeRTOS/timers.o
 .text.prvProcessReceivedCommands
                0x0000000008103e10      0x1b8 Middlewares/FreeRTOS/timers.o
 .text.prvSwitchTimerLists
                0x0000000008103fc8       0xc8 Middlewares/FreeRTOS/timers.o
 .text.prvCheckForValidListAndQueue
                0x0000000008104090       0x80 Middlewares/FreeRTOS/timers.o
 .text.__libc_init_array
                0x0000000008104110       0x48 /home/constantine/st/stm32cubeide_1.3.0/plugins/com.st.stm32cube.ide.mcu.externaltools.gnu-tools-for-stm32.7-2018-q2-update.linux64_1.4.0.202007081208/tools/bin/../lib/gcc/arm-none-eabi/7.3.1/../../../../arm-none-eabi/lib/thumb/v7e-m/fpv4-sp/hard/libc_nano.a(lib_a-init.o)
                0x0000000008104110                __libc_init_array
 .text.memcpy   0x0000000008104158       0x16 /home/constantine/st/stm32cubeide_1.3.0/plugins/com.st.stm32cube.ide.mcu.externaltools.gnu-tools-for-stm32.7-2018-q2-update.linux64_1.4.0.202007081208/tools/bin/../lib/gcc/arm-none-eabi/7.3.1/../../../../arm-none-eabi/lib/thumb/v7e-m/fpv4-sp/hard/libc_nano.a(lib_a-memcpy-stub.o)
                0x0000000008104158                memcpy
 .text.memset   0x000000000810416e       0x10 /home/constantine/st/stm32cubeide_1.3.0/plugins/com.st.stm32cube.ide.mcu.externaltools.gnu-tools-for-stm32.7-2018-q2-update.linux64_1.4.0.202007081208/tools/bin/../lib/gcc/arm-none-eabi/7.3.1/../../../../arm-none-eabi/lib/thumb/v7e-m/fpv4-sp/hard/libc_nano.a(lib_a-memset.o)
                0x000000000810416e                memset
 *(.glue_7)
 .glue_7        0x000000000810417e        0x0 linker stubs
 *(.glue_7t)
 .glue_7t       0x000000000810417e        0x0 linker stubs
 *(.eh_frame)
 *fill*         0x000000000810417e        0x2 
 .eh_frame      0x0000000008104180        0x0 /home/constantine/st/stm32cubeide_1.3.0/plugins/com.st.stm32cube.ide.mcu.externaltools.gnu-tools-for-stm32.7-2018-q2-update.linux64_1.4.0.202007081208/tools/bin/../lib/gcc/arm-none-eabi/7.3.1/thumb/v7e-m/fpv4-sp/hard/crtbegin.o
 *(.init)
 .init          0x0000000008104180        0x4 /home/constantine/st/stm32cubeide_1.3.0/plugins/com.st.stm32cube.ide.mcu.externaltools.gnu-tools-for-stm32.7-2018-q2-update.linux64_1.4.0.202007081208/tools/bin/../lib/gcc/arm-none-eabi/7.3.1/thumb/v7e-m/fpv4-sp/hard/crti.o
                0x0000000008104180                _init
 .init          0x0000000008104184        0x8 /home/constantine/st/stm32cubeide_1.3.0/plugins/com.st.stm32cube.ide.mcu.externaltools.gnu-tools-for-stm32.7-2018-q2-update.linux64_1.4.0.202007081208/tools/bin/../lib/gcc/arm-none-eabi/7.3.1/thumb/v7e-m/fpv4-sp/hard/crtn.o
 *(.fini)
 .fini          0x000000000810418c        0x4 /home/constantine/st/stm32cubeide_1.3.0/plugins/com.st.stm32cube.ide.mcu.externaltools.gnu-tools-for-stm32.7-2018-q2-update.linux64_1.4.0.202007081208/tools/bin/../lib/gcc/arm-none-eabi/7.3.1/thumb/v7e-m/fpv4-sp/hard/crti.o
                0x000000000810418c                _fini
 .fini          0x0000000008104190        0x8 /home/constantine/st/stm32cubeide_1.3.0/plugins/com.st.stm32cube.ide.mcu.externaltools.gnu-tools-for-stm32.7-2018-q2-update.linux64_1.4.0.202007081208/tools/bin/../lib/gcc/arm-none-eabi/7.3.1/thumb/v7e-m/fpv4-sp/hard/crtn.o
                0x0000000008104198                . = ALIGN (0x4)
                0x0000000008104198                _etext = .

.vfp11_veneer   0x0000000008104198        0x0
 .vfp11_veneer  0x0000000008104198        0x0 linker stubs

.v4_bx          0x0000000008104198        0x0
 .v4_bx         0x0000000008104198        0x0 linker stubs

.iplt           0x0000000008104198        0x0
 .iplt          0x0000000008104198        0x0 /home/constantine/st/stm32cubeide_1.3.0/plugins/com.st.stm32cube.ide.mcu.externaltools.gnu-tools-for-stm32.7-2018-q2-update.linux64_1.4.0.202007081208/tools/bin/../lib/gcc/arm-none-eabi/7.3.1/thumb/v7e-m/fpv4-sp/hard/crtbegin.o

.rodata         0x0000000008104198       0x58
                0x0000000008104198                . = ALIGN (0x4)
 *(.rodata)
 .rodata        0x0000000008104198        0xc Application/User/main.o
 .rodata        0x00000000081041a4        0x5 Middlewares/FreeRTOS/tasks.o
 *fill*         0x00000000081041a9        0x3 
 .rodata        0x00000000081041ac        0xd Middlewares/FreeRTOS/timers.o
 *(.rodata*)
 *fill*         0x00000000081041b9        0x3 
 .rodata.defaultTask_attributes
                0x00000000081041bc       0x24 Application/User/main.o
                0x00000000081041bc                defaultTask_attributes
 .rodata.D1CorePrescTable
                0x00000000081041e0       0x10 Drivers/CMSIS/system_stm32h7xx_dualcore_boot_cm4_cm7.o
                0x00000000081041e0                D1CorePrescTable
                0x00000000081041f0                . = ALIGN (0x4)

.rel.dyn        0x00000000081041f0        0x0
 .rel.iplt      0x00000000081041f0        0x0 /home/constantine/st/stm32cubeide_1.3.0/plugins/com.st.stm32cube.ide.mcu.externaltools.gnu-tools-for-stm32.7-2018-q2-update.linux64_1.4.0.202007081208/tools/bin/../lib/gcc/arm-none-eabi/7.3.1/thumb/v7e-m/fpv4-sp/hard/crtbegin.o

.ARM.extab
 *(.ARM.extab* .gnu.linkonce.armextab.*)

.ARM            0x00000000081041f0        0x0
                0x00000000081041f0                __exidx_start = .
 *(.ARM.exidx*)
                0x00000000081041f0                __exidx_end = .

.preinit_array  0x00000000081041f0        0x0
                0x00000000081041f0                PROVIDE (__preinit_array_start = .)
 *(.preinit_array*)
                0x00000000081041f0                PROVIDE (__preinit_array_end = .)

.init_array     0x00000000081041f0        0x4
                0x00000000081041f0                PROVIDE (__init_array_start = .)
 *(SORT_BY_NAME(.init_array.*))
 *(.init_array*)
 .init_array    0x00000000081041f0        0x4 /home/constantine/st/stm32cubeide_1.3.0/plugins/com.st.stm32cube.ide.mcu.externaltools.gnu-tools-for-stm32.7-2018-q2-update.linux64_1.4.0.202007081208/tools/bin/../lib/gcc/arm-none-eabi/7.3.1/thumb/v7e-m/fpv4-sp/hard/crtbegin.o
                0x00000000081041f4                PROVIDE (__init_array_end = .)

.fini_array     0x00000000081041f4        0x4
                [!provide]                        PROVIDE (__fini_array_start = .)
 *(SORT_BY_NAME(.fini_array.*))
 *(.fini_array*)
 .fini_array    0x00000000081041f4        0x4 /home/constantine/st/stm32cubeide_1.3.0/plugins/com.st.stm32cube.ide.mcu.externaltools.gnu-tools-for-stm32.7-2018-q2-update.linux64_1.4.0.202007081208/tools/bin/../lib/gcc/arm-none-eabi/7.3.1/thumb/v7e-m/fpv4-sp/hard/crtbegin.o
                [!provide]                        PROVIDE (__fini_array_end = .)
                0x00000000081041f8                _sidata = LOADADDR (.data)

.data           0x0000000010000000       0x10 load address 0x00000000081041f8
                0x0000000010000000                . = ALIGN (0x4)
                0x0000000010000000                _sdata = .
 *(.data)
 *(.data*)
 .data.SystemCoreClock
                0x0000000010000000        0x4 Drivers/CMSIS/system_stm32h7xx_dualcore_boot_cm4_cm7.o
                0x0000000010000000                SystemCoreClock
 .data.SystemD2Clock
                0x0000000010000004        0x4 Drivers/CMSIS/system_stm32h7xx_dualcore_boot_cm4_cm7.o
                0x0000000010000004                SystemD2Clock
 .data.uwTickFreq
                0x0000000010000008        0x1 Drivers/STM32H7xx_HAL_Driver/stm32h7xx_hal.o
                0x0000000010000008                uwTickFreq
 *fill*         0x0000000010000009        0x3 
 .data.uxCriticalNesting
                0x000000001000000c        0x4 Middlewares/FreeRTOS/port.o
                0x0000000010000010                . = ALIGN (0x4)
                0x0000000010000010                _edata = .

.igot.plt       0x0000000010000010        0x0 load address 0x0000000008104208
 .igot.plt      0x0000000010000010        0x0 /home/constantine/st/stm32cubeide_1.3.0/plugins/com.st.stm32cube.ide.mcu.externaltools.gnu-tools-for-stm32.7-2018-q2-update.linux64_1.4.0.202007081208/tools/bin/../lib/gcc/arm-none-eabi/7.3.1/thumb/v7e-m/fpv4-sp/hard/crtbegin.o
                0x0000000010000010                . = ALIGN (0x4)

.bss            0x0000000010000010     0x49ac load address 0x0000000008104208
                0x0000000010000010                _sbss = .
                0x0000000010000010                __bss_start__ = _sbss
 *(.bss)
 .bss           0x0000000010000010       0x1c /home/constantine/st/stm32cubeide_1.3.0/plugins/com.st.stm32cube.ide.mcu.externaltools.gnu-tools-for-stm32.7-2018-q2-update.linux64_1.4.0.202007081208/tools/bin/../lib/gcc/arm-none-eabi/7.3.1/thumb/v7e-m/fpv4-sp/hard/crtbegin.o
 *(.bss*)
 .bss.KernelState
                0x000000001000002c        0x4 Middlewares/FreeRTOS/cmsis_os2.o
 .bss.Idle_TCB  0x0000000010000030       0x5c Middlewares/FreeRTOS/cmsis_os2.o
 .bss.Idle_Stack
                0x000000001000008c      0x200 Middlewares/FreeRTOS/cmsis_os2.o
 .bss.Timer_TCB
                0x000000001000028c       0x5c Middlewares/FreeRTOS/cmsis_os2.o
 .bss.Timer_Stack
                0x00000000100002e8      0x400 Middlewares/FreeRTOS/cmsis_os2.o
 .bss.ucHeap    0x00000000100006e8     0x3c00 Middlewares/FreeRTOS/heap_4.o
 .bss.xStart    0x00000000100042e8        0x8 Middlewares/FreeRTOS/heap_4.o
 .bss.pxEnd     0x00000000100042f0        0x4 Middlewares/FreeRTOS/heap_4.o
 .bss.xFreeBytesRemaining
                0x00000000100042f4        0x4 Middlewares/FreeRTOS/heap_4.o
 .bss.xMinimumEverFreeBytesRemaining
                0x00000000100042f8        0x4 Middlewares/FreeRTOS/heap_4.o
 .bss.xBlockAllocatedBit
                0x00000000100042fc        0x4 Middlewares/FreeRTOS/heap_4.o
 .bss.ucMaxSysCallPriority
                0x0000000010004300        0x1 Middlewares/FreeRTOS/port.o
 *fill*         0x0000000010004301        0x3 
 .bss.ulMaxPRIGROUPValue
                0x0000000010004304        0x4 Middlewares/FreeRTOS/port.o
 .bss.pxCurrentTCB
                0x0000000010004308        0x4 Middlewares/FreeRTOS/tasks.o
                0x0000000010004308                pxCurrentTCB
 .bss.pxReadyTasksLists
                0x000000001000430c      0x460 Middlewares/FreeRTOS/tasks.o
 .bss.xDelayedTaskList1
                0x000000001000476c       0x14 Middlewares/FreeRTOS/tasks.o
 .bss.xDelayedTaskList2
                0x0000000010004780       0x14 Middlewares/FreeRTOS/tasks.o
 .bss.pxDelayedTaskList
                0x0000000010004794        0x4 Middlewares/FreeRTOS/tasks.o
 .bss.pxOverflowDelayedTaskList
                0x0000000010004798        0x4 Middlewares/FreeRTOS/tasks.o
 .bss.xPendingReadyList
                0x000000001000479c       0x14 Middlewares/FreeRTOS/tasks.o
 .bss.xTasksWaitingTermination
                0x00000000100047b0       0x14 Middlewares/FreeRTOS/tasks.o
 .bss.uxDeletedTasksWaitingCleanUp
                0x00000000100047c4        0x4 Middlewares/FreeRTOS/tasks.o
 .bss.xSuspendedTaskList
                0x00000000100047c8       0x14 Middlewares/FreeRTOS/tasks.o
 .bss.uxCurrentNumberOfTasks
                0x00000000100047dc        0x4 Middlewares/FreeRTOS/tasks.o
 .bss.xTickCount
                0x00000000100047e0        0x4 Middlewares/FreeRTOS/tasks.o
 .bss.uxTopReadyPriority
                0x00000000100047e4        0x4 Middlewares/FreeRTOS/tasks.o
 .bss.xSchedulerRunning
                0x00000000100047e8        0x4 Middlewares/FreeRTOS/tasks.o
 .bss.uxPendedTicks
                0x00000000100047ec        0x4 Middlewares/FreeRTOS/tasks.o
 .bss.xYieldPending
                0x00000000100047f0        0x4 Middlewares/FreeRTOS/tasks.o
 .bss.xNumOfOverflows
                0x00000000100047f4        0x4 Middlewares/FreeRTOS/tasks.o
 .bss.uxTaskNumber
                0x00000000100047f8        0x4 Middlewares/FreeRTOS/tasks.o
 .bss.xNextTaskUnblockTime
                0x00000000100047fc        0x4 Middlewares/FreeRTOS/tasks.o
 .bss.xIdleTaskHandle
                0x0000000010004800        0x4 Middlewares/FreeRTOS/tasks.o
 .bss.uxSchedulerSuspended
                0x0000000010004804        0x4 Middlewares/FreeRTOS/tasks.o
 .bss.xActiveTimerList1
                0x0000000010004808       0x14 Middlewares/FreeRTOS/timers.o
 .bss.xActiveTimerList2
                0x000000001000481c       0x14 Middlewares/FreeRTOS/timers.o
 .bss.pxCurrentTimerList
                0x0000000010004830        0x4 Middlewares/FreeRTOS/timers.o
 .bss.pxOverflowTimerList
                0x0000000010004834        0x4 Middlewares/FreeRTOS/timers.o
 .bss.xTimerQueue
                0x0000000010004838        0x4 Middlewares/FreeRTOS/timers.o
 .bss.xTimerTaskHandle
                0x000000001000483c        0x4 Middlewares/FreeRTOS/timers.o
 .bss.xLastTime.6741
                0x0000000010004840        0x4 Middlewares/FreeRTOS/timers.o
 .bss.ucStaticTimerQueueStorage.6792
                0x0000000010004844       0xa0 Middlewares/FreeRTOS/timers.o
 .bss.xStaticTimerQueue.6791
                0x00000000100048e4       0x50 Middlewares/FreeRTOS/timers.o
 *(COMMON)
 COMMON         0x0000000010004934        0x4 Application/User/main.o
                0x0000000010004934                defaultTaskHandle
 COMMON         0x0000000010004938       0x40 Application/User/stm32h7xx_hal_timebase_tim.o
                0x0000000010004938                htim1
 COMMON         0x0000000010004978        0x4 Drivers/STM32H7xx_HAL_Driver/stm32h7xx_hal.o
                0x0000000010004978                uwTick
 COMMON         0x000000001000497c       0x40 Middlewares/FreeRTOS/queue.o
                0x000000001000497c                xQueueRegistry
                0x00000000100049bc                . = ALIGN (0x4)
                0x00000000100049bc                _ebss = .
                0x00000000100049bc                __bss_end__ = _ebss

._user_heap_stack
                0x00000000100049bc      0x604 load address 0x0000000008104208
                0x00000000100049c0                . = ALIGN (0x8)
 *fill*         0x00000000100049bc        0x4 
                0x00000000100049c0                PROVIDE (end = .)
                [!provide]                        PROVIDE (_end = .)
                0x0000000010004bc0                . = (. + _Min_Heap_Size)
 *fill*         0x00000000100049c0      0x200 
                0x0000000010004fc0                . = (. + _Min_Stack_Size)
 *fill*         0x0000000010004bc0      0x400 
                0x0000000010004fc0                . = ALIGN (0x8)

/DISCARD/
 libc.a(*)
 libm.a(*)
 libgcc.a(*)

.ARM.attributes
                0x0000000000000000       0x30
 *(.ARM.attributes)
 .ARM.attributes
                0x0000000000000000       0x22 /home/constantine/st/stm32cubeide_1.3.0/plugins/com.st.stm32cube.ide.mcu.externaltools.gnu-tools-for-stm32.7-2018-q2-update.linux64_1.4.0.202007081208/tools/bin/../lib/gcc/arm-none-eabi/7.3.1/thumb/v7e-m/fpv4-sp/hard/crti.o
 .ARM.attributes
                0x0000000000000022       0x34 /home/constantine/st/stm32cubeide_1.3.0/plugins/com.st.stm32cube.ide.mcu.externaltools.gnu-tools-for-stm32.7-2018-q2-update.linux64_1.4.0.202007081208/tools/bin/../lib/gcc/arm-none-eabi/7.3.1/thumb/v7e-m/fpv4-sp/hard/crtbegin.o
 .ARM.attributes
                0x0000000000000056       0x21 Application/Startup/startup_stm32h757xihx.o
 .ARM.attributes
                0x0000000000000077       0x39 Application/User/freertos.o
 .ARM.attributes
                0x00000000000000b0       0x39 Application/User/main.o
 .ARM.attributes
                0x00000000000000e9       0x39 Application/User/stm32h7xx_hal_msp.o
 .ARM.attributes
                0x0000000000000122       0x39 Application/User/stm32h7xx_hal_timebase_tim.o
 .ARM.attributes
                0x000000000000015b       0x39 Application/User/stm32h7xx_it.o
 .ARM.attributes
                0x0000000000000194       0x39 Drivers/CMSIS/system_stm32h7xx_dualcore_boot_cm4_cm7.o
 .ARM.attributes
                0x00000000000001cd       0x39 Drivers/STM32H7xx_HAL_Driver/stm32h7xx_hal.o
 .ARM.attributes
                0x0000000000000206       0x39 Drivers/STM32H7xx_HAL_Driver/stm32h7xx_hal_cortex.o
 .ARM.attributes
                0x000000000000023f       0x39 Drivers/STM32H7xx_HAL_Driver/stm32h7xx_hal_gpio.o
 .ARM.attributes
                0x0000000000000278       0x39 Drivers/STM32H7xx_HAL_Driver/stm32h7xx_hal_hsem.o
 .ARM.attributes
                0x00000000000002b1       0x39 Drivers/STM32H7xx_HAL_Driver/stm32h7xx_hal_pwr_ex.o
 .ARM.attributes
                0x00000000000002ea       0x39 Drivers/STM32H7xx_HAL_Driver/stm32h7xx_hal_rcc.o
 .ARM.attributes
                0x0000000000000323       0x39 Drivers/STM32H7xx_HAL_Driver/stm32h7xx_hal_tim.o
 .ARM.attributes
                0x000000000000035c       0x39 Drivers/STM32H7xx_HAL_Driver/stm32h7xx_hal_tim_ex.o
 .ARM.attributes
                0x0000000000000395       0x39 Middlewares/FreeRTOS/cmsis_os2.o
 .ARM.attributes
                0x00000000000003ce       0x39 Middlewares/FreeRTOS/heap_4.o
 .ARM.attributes
                0x0000000000000407       0x39 Middlewares/FreeRTOS/list.o
 .ARM.attributes
                0x0000000000000440       0x39 Middlewares/FreeRTOS/port.o
 .ARM.attributes
                0x0000000000000479       0x39 Middlewares/FreeRTOS/queue.o
 .ARM.attributes
                0x00000000000004b2       0x39 Middlewares/FreeRTOS/tasks.o
 .ARM.attributes
                0x00000000000004eb       0x39 Middlewares/FreeRTOS/timers.o
 .ARM.attributes
                0x0000000000000524       0x34 /home/constantine/st/stm32cubeide_1.3.0/plugins/com.st.stm32cube.ide.mcu.externaltools.gnu-tools-for-stm32.7-2018-q2-update.linux64_1.4.0.202007081208/tools/bin/../lib/gcc/arm-none-eabi/7.3.1/../../../../arm-none-eabi/lib/thumb/v7e-m/fpv4-sp/hard/libc_nano.a(lib_a-init.o)
 .ARM.attributes
                0x0000000000000558       0x34 /home/constantine/st/stm32cubeide_1.3.0/plugins/com.st.stm32cube.ide.mcu.externaltools.gnu-tools-for-stm32.7-2018-q2-update.linux64_1.4.0.202007081208/tools/bin/../lib/gcc/arm-none-eabi/7.3.1/../../../../arm-none-eabi/lib/thumb/v7e-m/fpv4-sp/hard/libc_nano.a(lib_a-memcpy-stub.o)
 .ARM.attributes
                0x000000000000058c       0x34 /home/constantine/st/stm32cubeide_1.3.0/plugins/com.st.stm32cube.ide.mcu.externaltools.gnu-tools-for-stm32.7-2018-q2-update.linux64_1.4.0.202007081208/tools/bin/../lib/gcc/arm-none-eabi/7.3.1/../../../../arm-none-eabi/lib/thumb/v7e-m/fpv4-sp/hard/libc_nano.a(lib_a-memset.o)
 .ARM.attributes
                0x00000000000005c0       0x22 /home/constantine/st/stm32cubeide_1.3.0/plugins/com.st.stm32cube.ide.mcu.externaltools.gnu-tools-for-stm32.7-2018-q2-update.linux64_1.4.0.202007081208/tools/bin/../lib/gcc/arm-none-eabi/7.3.1/thumb/v7e-m/fpv4-sp/hard/crtn.o
OUTPUT(TimeServer_H757_CM4.elf elf32-littlearm)

.debug_line     0x0000000000000000    0x11061
 .debug_line    0x0000000000000000       0x8c Application/Startup/startup_stm32h757xihx.o
 .debug_line    0x000000000000008c      0x980 Application/User/freertos.o
 .debug_line    0x0000000000000a0c      0xa62 Application/User/main.o
 .debug_line    0x000000000000146e      0x87b Application/User/stm32h7xx_hal_msp.o
 .debug_line    0x0000000000001ce9      0x8af Application/User/stm32h7xx_hal_timebase_tim.o
 .debug_line    0x0000000000002598      0xa0c Application/User/stm32h7xx_it.o
 .debug_line    0x0000000000002fa4      0x8c8 Drivers/CMSIS/system_stm32h7xx_dualcore_boot_cm4_cm7.o
 .debug_line    0x000000000000386c      0xd74 Drivers/STM32H7xx_HAL_Driver/stm32h7xx_hal.o
 .debug_line    0x00000000000045e0      0xbba Drivers/STM32H7xx_HAL_Driver/stm32h7xx_hal_cortex.o
 .debug_line    0x000000000000519a      0xa75 Drivers/STM32H7xx_HAL_Driver/stm32h7xx_hal_gpio.o
 .debug_line    0x0000000000005c0f      0x961 Drivers/STM32H7xx_HAL_Driver/stm32h7xx_hal_hsem.o
 .debug_line    0x0000000000006570      0xcd6 Drivers/STM32H7xx_HAL_Driver/stm32h7xx_hal_pwr_ex.o
 .debug_line    0x0000000000007246      0xc25 Drivers/STM32H7xx_HAL_Driver/stm32h7xx_hal_rcc.o
 .debug_line    0x0000000000007e6b     0x1d57 Drivers/STM32H7xx_HAL_Driver/stm32h7xx_hal_tim.o
 .debug_line    0x0000000000009bc2      0xfc2 Drivers/STM32H7xx_HAL_Driver/stm32h7xx_hal_tim_ex.o
 .debug_line    0x000000000000ab84     0x1e92 Middlewares/FreeRTOS/cmsis_os2.o
 .debug_line    0x000000000000ca16      0x7af Middlewares/FreeRTOS/heap_4.o
 .debug_line    0x000000000000d1c5      0x6c7 Middlewares/FreeRTOS/list.o
 .debug_line    0x000000000000d88c      0x73b Middlewares/FreeRTOS/port.o
 .debug_line    0x000000000000dfc7     0x115c Middlewares/FreeRTOS/queue.o
 .debug_line    0x000000000000f123     0x1464 Middlewares/FreeRTOS/tasks.o
 .debug_line    0x0000000000010587      0xada Middlewares/FreeRTOS/timers.o

.debug_info     0x0000000000000000    0x211f0
 .debug_info    0x0000000000000000       0x22 Application/Startup/startup_stm32h757xihx.o
 .debug_info    0x0000000000000022      0xaae Application/User/freertos.o
 .debug_info    0x0000000000000ad0     0x1a96 Application/User/main.o
 .debug_info    0x0000000000002566     0x1203 Application/User/stm32h7xx_hal_msp.o
 .debug_info    0x0000000000003769     0x18b5 Application/User/stm32h7xx_hal_timebase_tim.o
 .debug_info    0x000000000000501e     0x10af Application/User/stm32h7xx_it.o
 .debug_info    0x00000000000060cd     0x10ae Drivers/CMSIS/system_stm32h7xx_dualcore_boot_cm4_cm7.o
 .debug_info    0x000000000000717b     0x2076 Drivers/STM32H7xx_HAL_Driver/stm32h7xx_hal.o
 .debug_info    0x00000000000091f1     0x18dc Drivers/STM32H7xx_HAL_Driver/stm32h7xx_hal_cortex.o
 .debug_info    0x000000000000aacd     0x16ec Drivers/STM32H7xx_HAL_Driver/stm32h7xx_hal_gpio.o
 .debug_info    0x000000000000c1b9      0xdbf Drivers/STM32H7xx_HAL_Driver/stm32h7xx_hal_hsem.o
 .debug_info    0x000000000000cf78     0x1939 Drivers/STM32H7xx_HAL_Driver/stm32h7xx_hal_pwr_ex.o
 .debug_info    0x000000000000e8b1     0x179e Drivers/STM32H7xx_HAL_Driver/stm32h7xx_hal_rcc.o
 .debug_info    0x000000000001004f     0x3050 Drivers/STM32H7xx_HAL_Driver/stm32h7xx_hal_tim.o
 .debug_info    0x000000000001309f     0x1d08 Drivers/STM32H7xx_HAL_Driver/stm32h7xx_hal_tim_ex.o
 .debug_info    0x0000000000014da7     0x4031 Middlewares/FreeRTOS/cmsis_os2.o
 .debug_info    0x0000000000018dd8      0xbff Middlewares/FreeRTOS/heap_4.o
 .debug_info    0x00000000000199d7      0xacb Middlewares/FreeRTOS/list.o
 .debug_info    0x000000000001a4a2      0x533 Middlewares/FreeRTOS/port.o
 .debug_info    0x000000000001a9d5     0x239c Middlewares/FreeRTOS/queue.o
 .debug_info    0x000000000001cd71     0x29c5 Middlewares/FreeRTOS/tasks.o
 .debug_info    0x000000000001f736     0x1aba Middlewares/FreeRTOS/timers.o

.debug_abbrev   0x0000000000000000     0x37ca
 .debug_abbrev  0x0000000000000000       0x12 Application/Startup/startup_stm32h757xihx.o
 .debug_abbrev  0x0000000000000012      0x1b1 Application/User/freertos.o
 .debug_abbrev  0x00000000000001c3      0x2aa Application/User/main.o
 .debug_abbrev  0x000000000000046d      0x1e5 Application/User/stm32h7xx_hal_msp.o
 .debug_abbrev  0x0000000000000652      0x23d Application/User/stm32h7xx_hal_timebase_tim.o
 .debug_abbrev  0x000000000000088f      0x1e7 Application/User/stm32h7xx_it.o
 .debug_abbrev  0x0000000000000a76      0x21f Drivers/CMSIS/system_stm32h7xx_dualcore_boot_cm4_cm7.o
 .debug_abbrev  0x0000000000000c95      0x2e2 Drivers/STM32H7xx_HAL_Driver/stm32h7xx_hal.o
 .debug_abbrev  0x0000000000000f77      0x3b5 Drivers/STM32H7xx_HAL_Driver/stm32h7xx_hal_cortex.o
 .debug_abbrev  0x000000000000132c      0x28f Drivers/STM32H7xx_HAL_Driver/stm32h7xx_hal_gpio.o
 .debug_abbrev  0x00000000000015bb      0x2ba Drivers/STM32H7xx_HAL_Driver/stm32h7xx_hal_hsem.o
 .debug_abbrev  0x0000000000001875      0x33a Drivers/STM32H7xx_HAL_Driver/stm32h7xx_hal_pwr_ex.o
 .debug_abbrev  0x0000000000001baf      0x2e2 Drivers/STM32H7xx_HAL_Driver/stm32h7xx_hal_rcc.o
 .debug_abbrev  0x0000000000001e91      0x2bd Drivers/STM32H7xx_HAL_Driver/stm32h7xx_hal_tim.o
 .debug_abbrev  0x000000000000214e      0x2ab Drivers/STM32H7xx_HAL_Driver/stm32h7xx_hal_tim_ex.o
 .debug_abbrev  0x00000000000023f9      0x3db Middlewares/FreeRTOS/cmsis_os2.o
 .debug_abbrev  0x00000000000027d4      0x2ba Middlewares/FreeRTOS/heap_4.o
 .debug_abbrev  0x0000000000002a8e      0x1cf Middlewares/FreeRTOS/list.o
 .debug_abbrev  0x0000000000002c5d      0x210 Middlewares/FreeRTOS/port.o
 .debug_abbrev  0x0000000000002e6d      0x336 Middlewares/FreeRTOS/queue.o
 .debug_abbrev  0x00000000000031a3      0x350 Middlewares/FreeRTOS/tasks.o
 .debug_abbrev  0x00000000000034f3      0x2d7 Middlewares/FreeRTOS/timers.o

.debug_aranges  0x0000000000000000     0x1408
 .debug_aranges
                0x0000000000000000       0x28 Application/Startup/startup_stm32h757xihx.o
 .debug_aranges
                0x0000000000000028       0x20 Application/User/freertos.o
 .debug_aranges
                0x0000000000000048       0x48 Application/User/main.o
 .debug_aranges
                0x0000000000000090       0x20 Application/User/stm32h7xx_hal_msp.o
 .debug_aranges
                0x00000000000000b0       0x30 Application/User/stm32h7xx_hal_timebase_tim.o
 .debug_aranges
                0x00000000000000e0       0x50 Application/User/stm32h7xx_it.o
 .debug_aranges
                0x0000000000000130       0x28 Drivers/CMSIS/system_stm32h7xx_dualcore_boot_cm4_cm7.o
 .debug_aranges
                0x0000000000000158      0x220 Drivers/STM32H7xx_HAL_Driver/stm32h7xx_hal.o
 .debug_aranges
                0x0000000000000378      0x120 Drivers/STM32H7xx_HAL_Driver/stm32h7xx_hal_cortex.o
 .debug_aranges
                0x0000000000000498       0x58 Drivers/STM32H7xx_HAL_Driver/stm32h7xx_hal_gpio.o
 .debug_aranges
                0x00000000000004f0       0x70 Drivers/STM32H7xx_HAL_Driver/stm32h7xx_hal_hsem.o
 .debug_aranges
                0x0000000000000560      0x170 Drivers/STM32H7xx_HAL_Driver/stm32h7xx_hal_pwr_ex.o
 .debug_aranges
                0x00000000000006d0       0x88 Drivers/STM32H7xx_HAL_Driver/stm32h7xx_hal_rcc.o
 .debug_aranges
                0x0000000000000758      0x3c8 Drivers/STM32H7xx_HAL_Driver/stm32h7xx_hal_tim.o
 .debug_aranges
                0x0000000000000b20      0x170 Drivers/STM32H7xx_HAL_Driver/stm32h7xx_hal_tim_ex.o
 .debug_aranges
                0x0000000000000c90      0x230 Middlewares/FreeRTOS/cmsis_os2.o
 .debug_aranges
                0x0000000000000ec0       0x50 Middlewares/FreeRTOS/heap_4.o
 .debug_aranges
                0x0000000000000f10       0x40 Middlewares/FreeRTOS/list.o
 .debug_aranges
                0x0000000000000f50       0x80 Middlewares/FreeRTOS/port.o
 .debug_aranges
                0x0000000000000fd0      0x158 Middlewares/FreeRTOS/queue.o
 .debug_aranges
                0x0000000000001128      0x1f8 Middlewares/FreeRTOS/tasks.o
 .debug_aranges
                0x0000000000001320       0xe8 Middlewares/FreeRTOS/timers.o

.debug_str      0x0000000000000000   0x1a0b88
 .debug_str     0x0000000000000000       0x8d Application/Startup/startup_stm32h757xihx.o
 .debug_str     0x000000000000008d   0x195b7a Application/User/freertos.o
                                     0x1960e8 (size before relaxing)
 .debug_str     0x0000000000195c07     0x1873 Application/User/main.o
                                     0x1979b8 (size before relaxing)
 .debug_str     0x000000000019747a      0x868 Application/User/stm32h7xx_hal_msp.o
                                     0x192f44 (size before relaxing)
 .debug_str     0x0000000000197ce2      0x187 Application/User/stm32h7xx_hal_timebase_tim.o
                                     0x193470 (size before relaxing)
 .debug_str     0x0000000000197e69       0xc7 Application/User/stm32h7xx_it.o
                                     0x196673 (size before relaxing)
 .debug_str     0x0000000000197f30       0xfc Drivers/CMSIS/system_stm32h7xx_dualcore_boot_cm4_cm7.o
                                     0x1926ca (size before relaxing)
 .debug_str     0x000000000019802c      0xa3f Drivers/STM32H7xx_HAL_Driver/stm32h7xx_hal.o
                                     0x1939c0 (size before relaxing)
 .debug_str     0x0000000000198a6b      0x3d3 Drivers/STM32H7xx_HAL_Driver/stm32h7xx_hal_cortex.o
                                     0x193196 (size before relaxing)
 .debug_str     0x0000000000198e3e      0x286 Drivers/STM32H7xx_HAL_Driver/stm32h7xx_hal_gpio.o
                                     0x192a18 (size before relaxing)
 .debug_str     0x00000000001990c4      0x1f7 Drivers/STM32H7xx_HAL_Driver/stm32h7xx_hal_hsem.o
                                     0x1925ce (size before relaxing)
 .debug_str     0x00000000001992bb      0x6eb Drivers/STM32H7xx_HAL_Driver/stm32h7xx_hal_pwr_ex.o
                                     0x192d4d (size before relaxing)
 .debug_str     0x00000000001999a6      0x4c8 Drivers/STM32H7xx_HAL_Driver/stm32h7xx_hal_rcc.o
                                     0x192c44 (size before relaxing)
 .debug_str     0x0000000000199e6e      0xe15 Drivers/STM32H7xx_HAL_Driver/stm32h7xx_hal_tim.o
                                     0x1937a5 (size before relaxing)
 .debug_str     0x000000000019ac83      0x64d Drivers/STM32H7xx_HAL_Driver/stm32h7xx_hal_tim_ex.o
                                     0x193095 (size before relaxing)
 .debug_str     0x000000000019b2d0     0x2965 Middlewares/FreeRTOS/cmsis_os2.o
                                       0xe3c3 (size before relaxing)
 .debug_str     0x000000000019dc35      0x3e2 Middlewares/FreeRTOS/heap_4.o
                                       0xaed7 (size before relaxing)
 .debug_str     0x000000000019e017      0x158 Middlewares/FreeRTOS/list.o
                                       0xa6c7 (size before relaxing)
 .debug_str     0x000000000019e16f      0x853 Middlewares/FreeRTOS/port.o
                                       0x8490 (size before relaxing)
 .debug_str     0x000000000019e9c2      0x909 Middlewares/FreeRTOS/queue.o
                                       0xc026 (size before relaxing)
 .debug_str     0x000000000019f2cb     0x1285 Middlewares/FreeRTOS/tasks.o
                                       0xcb5d (size before relaxing)
 .debug_str     0x00000000001a0550      0x638 Middlewares/FreeRTOS/timers.o
                                       0xc5a3 (size before relaxing)

.debug_ranges   0x0000000000000000     0x12b0
 .debug_ranges  0x0000000000000000       0x20 Application/Startup/startup_stm32h757xihx.o
 .debug_ranges  0x0000000000000020       0x10 Application/User/freertos.o
 .debug_ranges  0x0000000000000030       0x38 Application/User/main.o
 .debug_ranges  0x0000000000000068       0x10 Application/User/stm32h7xx_hal_msp.o
 .debug_ranges  0x0000000000000078       0x20 Application/User/stm32h7xx_hal_timebase_tim.o
 .debug_ranges  0x0000000000000098       0x40 Application/User/stm32h7xx_it.o
 .debug_ranges  0x00000000000000d8       0x18 Drivers/CMSIS/system_stm32h7xx_dualcore_boot_cm4_cm7.o
 .debug_ranges  0x00000000000000f0      0x210 Drivers/STM32H7xx_HAL_Driver/stm32h7xx_hal.o
 .debug_ranges  0x0000000000000300      0x110 Drivers/STM32H7xx_HAL_Driver/stm32h7xx_hal_cortex.o
 .debug_ranges  0x0000000000000410       0x48 Drivers/STM32H7xx_HAL_Driver/stm32h7xx_hal_gpio.o
 .debug_ranges  0x0000000000000458       0x60 Drivers/STM32H7xx_HAL_Driver/stm32h7xx_hal_hsem.o
 .debug_ranges  0x00000000000004b8      0x160 Drivers/STM32H7xx_HAL_Driver/stm32h7xx_hal_pwr_ex.o
 .debug_ranges  0x0000000000000618       0x78 Drivers/STM32H7xx_HAL_Driver/stm32h7xx_hal_rcc.o
 .debug_ranges  0x0000000000000690      0x3b8 Drivers/STM32H7xx_HAL_Driver/stm32h7xx_hal_tim.o
 .debug_ranges  0x0000000000000a48      0x160 Drivers/STM32H7xx_HAL_Driver/stm32h7xx_hal_tim_ex.o
 .debug_ranges  0x0000000000000ba8      0x220 Middlewares/FreeRTOS/cmsis_os2.o
 .debug_ranges  0x0000000000000dc8       0x40 Middlewares/FreeRTOS/heap_4.o
 .debug_ranges  0x0000000000000e08       0x30 Middlewares/FreeRTOS/list.o
 .debug_ranges  0x0000000000000e38       0x70 Middlewares/FreeRTOS/port.o
 .debug_ranges  0x0000000000000ea8      0x148 Middlewares/FreeRTOS/queue.o
 .debug_ranges  0x0000000000000ff0      0x1e8 Middlewares/FreeRTOS/tasks.o
 .debug_ranges  0x00000000000011d8       0xd8 Middlewares/FreeRTOS/timers.o

.debug_macro    0x0000000000000000    0x403a0
 .debug_macro   0x0000000000000000      0x300 Application/User/freertos.o
 .debug_macro   0x0000000000000300      0xa60 Application/User/freertos.o
 .debug_macro   0x0000000000000d60      0x174 Application/User/freertos.o
 .debug_macro   0x0000000000000ed4       0x22 Application/User/freertos.o
 .debug_macro   0x0000000000000ef6       0x8e Application/User/freertos.o
 .debug_macro   0x0000000000000f84       0x51 Application/User/freertos.o
 .debug_macro   0x0000000000000fd5       0xef Application/User/freertos.o
 .debug_macro   0x00000000000010c4       0x6a Application/User/freertos.o
 .debug_macro   0x000000000000112e      0x1df Application/User/freertos.o
 .debug_macro   0x000000000000130d      0x13d Application/User/freertos.o
 .debug_macro   0x000000000000144a      0x15a Application/User/freertos.o
 .debug_macro   0x00000000000015a4       0xc9 Application/User/freertos.o
 .debug_macro   0x000000000000166d       0x1c Application/User/freertos.o
 .debug_macro   0x0000000000001689       0x26 Application/User/freertos.o
 .debug_macro   0x00000000000016af      0x4a9 Application/User/freertos.o
 .debug_macro   0x0000000000001b58       0xb5 Application/User/freertos.o
 .debug_macro   0x0000000000001c0d       0xaa Application/User/freertos.o
 .debug_macro   0x0000000000001cb7      0x215 Application/User/freertos.o
 .debug_macro   0x0000000000001ecc       0x2e Application/User/freertos.o
 .debug_macro   0x0000000000001efa       0x3b Application/User/freertos.o
 .debug_macro   0x0000000000001f35       0x1c Application/User/freertos.o
 .debug_macro   0x0000000000001f51       0x22 Application/User/freertos.o
 .debug_macro   0x0000000000001f73       0xdf Application/User/freertos.o
 .debug_macro   0x0000000000002052     0x102d Application/User/freertos.o
 .debug_macro   0x000000000000307f      0x11f Application/User/freertos.o
 .debug_macro   0x000000000000319e    0x2c857 Application/User/freertos.o
 .debug_macro   0x000000000002f9f5       0x43 Application/User/freertos.o
 .debug_macro   0x000000000002fa38     0x3cd3 Application/User/freertos.o
 .debug_macro   0x000000000003370b       0x46 Application/User/freertos.o
 .debug_macro   0x0000000000033751       0x18 Application/User/freertos.o
 .debug_macro   0x0000000000033769       0x3c Application/User/freertos.o
 .debug_macro   0x00000000000337a5       0x34 Application/User/freertos.o
 .debug_macro   0x00000000000337d9       0x52 Application/User/freertos.o
 .debug_macro   0x000000000003382b       0x1f Application/User/freertos.o
 .debug_macro   0x000000000003384a       0x43 Application/User/freertos.o
 .debug_macro   0x000000000003388d       0x20 Application/User/freertos.o
 .debug_macro   0x00000000000338ad      0x1a3 Application/User/freertos.o
 .debug_macro   0x0000000000033a50      0x32a Application/User/freertos.o
 .debug_macro   0x0000000000033d7a      0x1e1 Application/User/freertos.o
 .debug_macro   0x0000000000033f5b       0x54 Application/User/freertos.o
 .debug_macro   0x0000000000033faf     0x3bdf Application/User/freertos.o
 .debug_macro   0x0000000000037b8e     0x104f Application/User/freertos.o
 .debug_macro   0x0000000000038bdd      0x138 Application/User/freertos.o
 .debug_macro   0x0000000000038d15      0x133 Application/User/freertos.o
 .debug_macro   0x0000000000038e48      0x3a7 Application/User/freertos.o
 .debug_macro   0x00000000000391ef       0x27 Application/User/freertos.o
 .debug_macro   0x0000000000039216      0x72d Application/User/freertos.o
 .debug_macro   0x0000000000039943      0x229 Application/User/freertos.o
 .debug_macro   0x0000000000039b6c       0x66 Application/User/freertos.o
 .debug_macro   0x0000000000039bd2      0x3bb Application/User/freertos.o
 .debug_macro   0x0000000000039f8d      0x408 Application/User/freertos.o
 .debug_macro   0x000000000003a395      0x244 Application/User/freertos.o
 .debug_macro   0x000000000003a5d9      0x3cb Application/User/freertos.o
 .debug_macro   0x000000000003a9a4      0x4a9 Application/User/freertos.o
 .debug_macro   0x000000000003ae4d       0x51 Application/User/freertos.o
 .debug_macro   0x000000000003ae9e       0x4a Application/User/freertos.o
 .debug_macro   0x000000000003aee8      0x22c Application/User/freertos.o
 .debug_macro   0x000000000003b114       0x58 Application/User/freertos.o
 .debug_macro   0x000000000003b16c       0xa5 Application/User/freertos.o
 .debug_macro   0x000000000003b211      0x219 Application/User/freertos.o
 .debug_macro   0x000000000003b42a      0x2e5 Application/User/freertos.o
 .debug_macro   0x000000000003b70f       0x35 Application/User/freertos.o
 .debug_macro   0x000000000003b744      0xaad Application/User/freertos.o
 .debug_macro   0x000000000003c1f1      0x2a0 Application/User/freertos.o
 .debug_macro   0x000000000003c491      0x783 Application/User/freertos.o
 .debug_macro   0x000000000003cc14       0x40 Application/User/freertos.o
 .debug_macro   0x000000000003cc54      0x32e Application/User/main.o
 .debug_macro   0x000000000003cf82      0x13d Application/User/main.o
 .debug_macro   0x000000000003d0bf       0x66 Application/User/main.o
 .debug_macro   0x000000000003d125       0x74 Application/User/main.o
 .debug_macro   0x000000000003d199       0xdd Application/User/main.o
 .debug_macro   0x000000000003d276      0x298 Application/User/stm32h7xx_hal_msp.o
 .debug_macro   0x000000000003d50e      0x289 Application/User/stm32h7xx_hal_timebase_tim.o
 .debug_macro   0x000000000003d797      0x30a Application/User/stm32h7xx_it.o
 .debug_macro   0x000000000003daa1      0x28f Drivers/CMSIS/system_stm32h7xx_dualcore_boot_cm4_cm7.o
 .debug_macro   0x000000000003dd30      0x2b3 Drivers/STM32H7xx_HAL_Driver/stm32h7xx_hal.o
 .debug_macro   0x000000000003dfe3      0x289 Drivers/STM32H7xx_HAL_Driver/stm32h7xx_hal_cortex.o
 .debug_macro   0x000000000003e26c      0x2d3 Drivers/STM32H7xx_HAL_Driver/stm32h7xx_hal_gpio.o
 .debug_macro   0x000000000003e53f      0x29b Drivers/STM32H7xx_HAL_Driver/stm32h7xx_hal_hsem.o
 .debug_macro   0x000000000003e7da      0x2c2 Drivers/STM32H7xx_HAL_Driver/stm32h7xx_hal_pwr_ex.o
 .debug_macro   0x000000000003ea9c      0x2ad Drivers/STM32H7xx_HAL_Driver/stm32h7xx_hal_rcc.o
 .debug_macro   0x000000000003ed49      0x28a Drivers/STM32H7xx_HAL_Driver/stm32h7xx_hal_tim.o
 .debug_macro   0x000000000003efd3      0x289 Drivers/STM32H7xx_HAL_Driver/stm32h7xx_hal_tim_ex.o
 .debug_macro   0x000000000003f25c      0x23a Middlewares/FreeRTOS/cmsis_os2.o
 .debug_macro   0x000000000003f496       0x10 Middlewares/FreeRTOS/cmsis_os2.o
 .debug_macro   0x000000000003f4a6       0x20 Middlewares/FreeRTOS/cmsis_os2.o
 .debug_macro   0x000000000003f4c6       0x10 Middlewares/FreeRTOS/cmsis_os2.o
 .debug_macro   0x000000000003f4d6       0xd3 Middlewares/FreeRTOS/cmsis_os2.o
 .debug_macro   0x000000000003f5a9       0x91 Middlewares/FreeRTOS/cmsis_os2.o
 .debug_macro   0x000000000003f63a       0x8d Middlewares/FreeRTOS/cmsis_os2.o
 .debug_macro   0x000000000003f6c7       0x9a Middlewares/FreeRTOS/cmsis_os2.o
 .debug_macro   0x000000000003f761      0x1a1 Middlewares/FreeRTOS/heap_4.o
 .debug_macro   0x000000000003f902      0x17a Middlewares/FreeRTOS/list.o
 .debug_macro   0x000000000003fa7c      0x196 Middlewares/FreeRTOS/port.o
 .debug_macro   0x000000000003fc12      0x209 Middlewares/FreeRTOS/queue.o
 .debug_macro   0x000000000003fe1b       0x16 Middlewares/FreeRTOS/queue.o
 .debug_macro   0x000000000003fe31       0x87 Middlewares/FreeRTOS/queue.o
 .debug_macro   0x000000000003feb8      0x272 Middlewares/FreeRTOS/tasks.o
 .debug_macro   0x000000000004012a       0x10 Middlewares/FreeRTOS/tasks.o
 .debug_macro   0x000000000004013a      0x1cf Middlewares/FreeRTOS/timers.o
 .debug_macro   0x0000000000040309       0x97 Middlewares/FreeRTOS/timers.o

.comment        0x0000000000000000       0x7b
 .comment       0x0000000000000000       0x7b Application/User/freertos.o
                                         0x7c (size before relaxing)
 .comment       0x000000000000007b       0x7c Application/User/main.o
 .comment       0x000000000000007b       0x7c Application/User/stm32h7xx_hal_msp.o
 .comment       0x000000000000007b       0x7c Application/User/stm32h7xx_hal_timebase_tim.o
 .comment       0x000000000000007b       0x7c Application/User/stm32h7xx_it.o
 .comment       0x000000000000007b       0x7c Drivers/CMSIS/system_stm32h7xx_dualcore_boot_cm4_cm7.o
 .comment       0x000000000000007b       0x7c Drivers/STM32H7xx_HAL_Driver/stm32h7xx_hal.o
 .comment       0x000000000000007b       0x7c Drivers/STM32H7xx_HAL_Driver/stm32h7xx_hal_cortex.o
 .comment       0x000000000000007b       0x7c Drivers/STM32H7xx_HAL_Driver/stm32h7xx_hal_gpio.o
 .comment       0x000000000000007b       0x7c Drivers/STM32H7xx_HAL_Driver/stm32h7xx_hal_hsem.o
 .comment       0x000000000000007b       0x7c Drivers/STM32H7xx_HAL_Driver/stm32h7xx_hal_pwr_ex.o
 .comment       0x000000000000007b       0x7c Drivers/STM32H7xx_HAL_Driver/stm32h7xx_hal_rcc.o
 .comment       0x000000000000007b       0x7c Drivers/STM32H7xx_HAL_Driver/stm32h7xx_hal_tim.o
 .comment       0x000000000000007b       0x7c Drivers/STM32H7xx_HAL_Driver/stm32h7xx_hal_tim_ex.o
 .comment       0x000000000000007b       0x7c Middlewares/FreeRTOS/cmsis_os2.o
 .comment       0x000000000000007b       0x7c Middlewares/FreeRTOS/heap_4.o
 .comment       0x000000000000007b       0x7c Middlewares/FreeRTOS/list.o
 .comment       0x000000000000007b       0x7c Middlewares/FreeRTOS/port.o
 .comment       0x000000000000007b       0x7c Middlewares/FreeRTOS/queue.o
 .comment       0x000000000000007b       0x7c Middlewares/FreeRTOS/tasks.o
 .comment       0x000000000000007b       0x7c Middlewares/FreeRTOS/timers.o

.debug_frame    0x0000000000000000     0x5338
 .debug_frame   0x0000000000000000       0x30 Application/User/freertos.o
 .debug_frame   0x0000000000000030       0xe0 Application/User/main.o
 .debug_frame   0x0000000000000110       0x34 Application/User/stm32h7xx_hal_msp.o
 .debug_frame   0x0000000000000144       0x74 Application/User/stm32h7xx_hal_timebase_tim.o
 .debug_frame   0x00000000000001b8       0xcc Application/User/stm32h7xx_it.o
 .debug_frame   0x0000000000000284       0x58 Drivers/CMSIS/system_stm32h7xx_dualcore_boot_cm4_cm7.o
 .debug_frame   0x00000000000002dc      0x8c8 Drivers/STM32H7xx_HAL_Driver/stm32h7xx_hal.o
 .debug_frame   0x0000000000000ba4      0x4b8 Drivers/STM32H7xx_HAL_Driver/stm32h7xx_hal_cortex.o
 .debug_frame   0x000000000000105c      0x14c Drivers/STM32H7xx_HAL_Driver/stm32h7xx_hal_gpio.o
 .debug_frame   0x00000000000011a8      0x1bc Drivers/STM32H7xx_HAL_Driver/stm32h7xx_hal_hsem.o
 .debug_frame   0x0000000000001364      0x5ec Drivers/STM32H7xx_HAL_Driver/stm32h7xx_hal_pwr_ex.o
 .debug_frame   0x0000000000001950      0x1f8 Drivers/STM32H7xx_HAL_Driver/stm32h7xx_hal_rcc.o
 .debug_frame   0x0000000000001b48     0x118c Drivers/STM32H7xx_HAL_Driver/stm32h7xx_hal_tim.o
 .debug_frame   0x0000000000002cd4      0x660 Drivers/STM32H7xx_HAL_Driver/stm32h7xx_hal_tim_ex.o
 .debug_frame   0x0000000000003334      0x998 Middlewares/FreeRTOS/cmsis_os2.o
 .debug_frame   0x0000000000003ccc      0x108 Middlewares/FreeRTOS/heap_4.o
 .debug_frame   0x0000000000003dd4       0xd8 Middlewares/FreeRTOS/list.o
 .debug_frame   0x0000000000003eac      0x1a8 Middlewares/FreeRTOS/port.o
 .debug_frame   0x0000000000004054      0x5ec Middlewares/FreeRTOS/queue.o
 .debug_frame   0x0000000000004640      0x8a8 Middlewares/FreeRTOS/tasks.o
 .debug_frame   0x0000000000004ee8      0x3dc Middlewares/FreeRTOS/timers.o
 .debug_frame   0x00000000000052c4       0x2c /home/constantine/st/stm32cubeide_1.3.0/plugins/com.st.stm32cube.ide.mcu.externaltools.gnu-tools-for-stm32.7-2018-q2-update.linux64_1.4.0.202007081208/tools/bin/../lib/gcc/arm-none-eabi/7.3.1/../../../../arm-none-eabi/lib/thumb/v7e-m/fpv4-sp/hard/libc_nano.a(lib_a-init.o)
 .debug_frame   0x00000000000052f0       0x28 /home/constantine/st/stm32cubeide_1.3.0/plugins/com.st.stm32cube.ide.mcu.externaltools.gnu-tools-for-stm32.7-2018-q2-update.linux64_1.4.0.202007081208/tools/bin/../lib/gcc/arm-none-eabi/7.3.1/../../../../arm-none-eabi/lib/thumb/v7e-m/fpv4-sp/hard/libc_nano.a(lib_a-memcpy-stub.o)
 .debug_frame   0x0000000000005318       0x20 /home/constantine/st/stm32cubeide_1.3.0/plugins/com.st.stm32cube.ide.mcu.externaltools.gnu-tools-for-stm32.7-2018-q2-update.linux64_1.4.0.202007081208/tools/bin/../lib/gcc/arm-none-eabi/7.3.1/../../../../arm-none-eabi/lib/thumb/v7e-m/fpv4-sp/hard/libc_nano.a(lib_a-memset.o)
