main.c:1223:13:MX_GPIO_Init	88	static
main.c:1053:13:MX_DMA_Init	16	static
main.c:363:13:MX_DSIHOST_DSI_Init	192	static
main.c:472:13:MX_ETH_Init	16	static
main.c:1101:6:MX_FMC_Init	96	static
main.c:518:13:MX_I2C1_Init	16	static
main.c:564:13:MX_LTDC_Init	128	static
main.c:646:13:MX_SPI5_Init	8	static
main.c:838:13:MX_USART1_UART_Init	16	static
main.c:694:13:MX_UART4_Init	16	static
main.c:742:13:MX_UART5_Init	16	static
main.c:790:13:MX_UART8_Init	16	static
main.c:886:13:MX_USART3_UART_Init	16	static
main.c:934:13:MX_USART6_UART_Init	16	static
main.c:982:13:MX_USB_OTG_FS_PCD_Init	8	static
main.c:1018:13:MX_USB_OTG_HS_PCD_Init	8	static
main.c:1300:6:StartDefaultTask	8	static
main.c:271:6:SystemClock_Config	328	static
main.c:153:5:main	16	static
main.c:1319:6:HAL_TIM_PeriodElapsedCallback	8	static
main.c:1336:6:Error_Handler	0	static
