stm32h7xx_it.c:91:6:NMI_Handler	0	static
stm32h7xx_it.c:104:6:HardFault_Handler	0	static
stm32h7xx_it.c:119:6:MemManage_Handler	0	static
stm32h7xx_it.c:134:6:BusFault_Handler	0	static
stm32h7xx_it.c:149:6:UsageFault_Handler	0	static
stm32h7xx_it.c:164:6:DebugMon_Handler	0	static
stm32h7xx_it.c:184:6:DMA1_Stream0_IRQHandler	8	static
stm32h7xx_it.c:198:6:DMA1_Stream1_IRQHandler	8	static
stm32h7xx_it.c:212:6:DMA1_Stream2_IRQHandler	8	static
stm32h7xx_it.c:226:6:DMA1_Stream3_IRQHandler	8	static
stm32h7xx_it.c:240:6:DMA1_Stream4_IRQHandler	8	static
stm32h7xx_it.c:254:6:DMA1_Stream5_IRQHandler	8	static
stm32h7xx_it.c:268:6:DMA1_Stream6_IRQHandler	8	static
stm32h7xx_it.c:282:6:TIM1_UP_IRQHandler	8	static
stm32h7xx_it.c:296:6:USART1_IRQHandler	8	static
stm32h7xx_it.c:310:6:USART3_IRQHandler	8	static
stm32h7xx_it.c:324:6:DMA1_Stream7_IRQHandler	8	static
stm32h7xx_it.c:338:6:UART4_IRQHandler	8	static
stm32h7xx_it.c:352:6:UART5_IRQHandler	8	static
stm32h7xx_it.c:366:6:DMA2_Stream0_IRQHandler	8	static
stm32h7xx_it.c:380:6:DMA2_Stream1_IRQHandler	8	static
stm32h7xx_it.c:394:6:DMA2_Stream2_IRQHandler	8	static
stm32h7xx_it.c:408:6:DMA2_Stream3_IRQHandler	8	static
stm32h7xx_it.c:422:6:USART6_IRQHandler	8	static
stm32h7xx_it.c:436:6:UART8_IRQHandler	8	static
