stm32h7xx_hal_msp.c:1227:13:HAL_FMC_MspInit	48	static
stm32h7xx_hal_msp.c:1402:13:HAL_FMC_MspDeInit	8	static
stm32h7xx_hal_msp.c:87:6:HAL_MspInit	16	static
stm32h7xx_hal_msp.c:110:6:HAL_DSI_MspInit	40	static
stm32h7xx_hal_msp.c:151:6:HAL_DSI_MspDeInit	8	static
stm32h7xx_hal_msp.c:185:6:HAL_ETH_MspInit	64	static
stm32h7xx_hal_msp.c:246:6:HAL_ETH_MspDeInit	8	static
stm32h7xx_hal_msp.c:288:6:HAL_I2C_MspInit	40	static
stm32h7xx_hal_msp.c:324:6:HAL_I2C_MspDeInit	8	static
stm32h7xx_hal_msp.c:353:6:HAL_LTDC_MspInit	8	static
stm32h7xx_hal_msp.c:375:6:HAL_LTDC_MspDeInit	0	static
stm32h7xx_hal_msp.c:397:6:HAL_SPI_MspInit	48	static
stm32h7xx_hal_msp.c:443:6:HAL_SPI_MspDeInit	8	static
stm32h7xx_hal_msp.c:476:6:HAL_UART_MspInit	96	static
stm32h7xx_hal_msp.c:894:6:HAL_UART_MspDeInit	8	static
stm32h7xx_hal_msp.c:1053:6:HAL_PCD_MspInit	80	static
stm32h7xx_hal_msp.c:1163:6:HAL_PCD_MspDeInit	8	static
stm32h7xx_hal_msp.c:1370:6:HAL_NOR_MspInit	8	static
stm32h7xx_hal_msp.c:1380:6:HAL_SRAM_MspInit	8	static
stm32h7xx_hal_msp.c:1390:6:HAL_SDRAM_MspInit	8	static
stm32h7xx_hal_msp.c:1513:6:HAL_NOR_MspDeInit	8	static
stm32h7xx_hal_msp.c:1523:6:HAL_SRAM_MspDeInit	8	static
stm32h7xx_hal_msp.c:1533:6:HAL_SDRAM_MspDeInit	8	static
